Archive member included to satisfy reference by file (symbol)

/usr/lib/gcc/arm-none-eabi/8.3.1/../../../arm-none-eabi/lib/thumb/v7e-m+fp/hard/libc_nano.a(lib_a-atexit.o)
                              /usr/lib/gcc/arm-none-eabi/8.3.1/../../../arm-none-eabi/lib/thumb/v7e-m+fp/hard/crt0.o (atexit)
/usr/lib/gcc/arm-none-eabi/8.3.1/../../../arm-none-eabi/lib/thumb/v7e-m+fp/hard/libc_nano.a(lib_a-exit.o)
                              /usr/lib/gcc/arm-none-eabi/8.3.1/../../../arm-none-eabi/lib/thumb/v7e-m+fp/hard/crt0.o (exit)
/usr/lib/gcc/arm-none-eabi/8.3.1/../../../arm-none-eabi/lib/thumb/v7e-m+fp/hard/libc_nano.a(lib_a-fini.o)
                              /usr/lib/gcc/arm-none-eabi/8.3.1/../../../arm-none-eabi/lib/thumb/v7e-m+fp/hard/crt0.o (__libc_fini_array)
/usr/lib/gcc/arm-none-eabi/8.3.1/../../../arm-none-eabi/lib/thumb/v7e-m+fp/hard/libc_nano.a(lib_a-impure.o)
                              /usr/lib/gcc/arm-none-eabi/8.3.1/../../../arm-none-eabi/lib/thumb/v7e-m+fp/hard/libc_nano.a(lib_a-exit.o) (_global_impure_ptr)
/usr/lib/gcc/arm-none-eabi/8.3.1/../../../arm-none-eabi/lib/thumb/v7e-m+fp/hard/libc_nano.a(lib_a-init.o)
                              /usr/lib/gcc/arm-none-eabi/8.3.1/../../../arm-none-eabi/lib/thumb/v7e-m+fp/hard/crt0.o (__libc_init_array)
/usr/lib/gcc/arm-none-eabi/8.3.1/../../../arm-none-eabi/lib/thumb/v7e-m+fp/hard/libc_nano.a(lib_a-memset.o)
                              /usr/lib/gcc/arm-none-eabi/8.3.1/../../../arm-none-eabi/lib/thumb/v7e-m+fp/hard/crt0.o (memset)
/usr/lib/gcc/arm-none-eabi/8.3.1/../../../arm-none-eabi/lib/thumb/v7e-m+fp/hard/libc_nano.a(lib_a-snprintf.o)
                              build/main.o (snprintf)
/usr/lib/gcc/arm-none-eabi/8.3.1/../../../arm-none-eabi/lib/thumb/v7e-m+fp/hard/libc_nano.a(lib_a-strlen.o)
                              build/main.o (strlen)
/usr/lib/gcc/arm-none-eabi/8.3.1/../../../arm-none-eabi/lib/thumb/v7e-m+fp/hard/libc_nano.a(lib_a-__atexit.o)
                              /usr/lib/gcc/arm-none-eabi/8.3.1/../../../arm-none-eabi/lib/thumb/v7e-m+fp/hard/libc_nano.a(lib_a-atexit.o) (__register_exitproc)
/usr/lib/gcc/arm-none-eabi/8.3.1/../../../arm-none-eabi/lib/thumb/v7e-m+fp/hard/libc_nano.a(lib_a-__call_atexit.o)
                              /usr/lib/gcc/arm-none-eabi/8.3.1/../../../arm-none-eabi/lib/thumb/v7e-m+fp/hard/libc_nano.a(lib_a-__atexit.o) (__call_exitprocs)
/usr/lib/gcc/arm-none-eabi/8.3.1/../../../arm-none-eabi/lib/thumb/v7e-m+fp/hard/libc_nano.a(lib_a-nano-svfprintf.o)
                              /usr/lib/gcc/arm-none-eabi/8.3.1/../../../arm-none-eabi/lib/thumb/v7e-m+fp/hard/libc_nano.a(lib_a-snprintf.o) (_svfprintf_r)
/usr/lib/gcc/arm-none-eabi/8.3.1/../../../arm-none-eabi/lib/thumb/v7e-m+fp/hard/libc_nano.a(lib_a-nano-vfprintf_i.o)
                              /usr/lib/gcc/arm-none-eabi/8.3.1/../../../arm-none-eabi/lib/thumb/v7e-m+fp/hard/libc_nano.a(lib_a-nano-svfprintf.o) (_printf_i)
/usr/lib/gcc/arm-none-eabi/8.3.1/../../../arm-none-eabi/lib/thumb/v7e-m+fp/hard/libc_nano.a(lib_a-memchr.o)
                              /usr/lib/gcc/arm-none-eabi/8.3.1/../../../arm-none-eabi/lib/thumb/v7e-m+fp/hard/libc_nano.a(lib_a-nano-svfprintf.o) (memchr)
/usr/lib/gcc/arm-none-eabi/8.3.1/../../../arm-none-eabi/lib/thumb/v7e-m+fp/hard/libc_nano.a(lib_a-memcpy.o)
                              /usr/lib/gcc/arm-none-eabi/8.3.1/../../../arm-none-eabi/lib/thumb/v7e-m+fp/hard/libc_nano.a(lib_a-nano-svfprintf.o) (memcpy)
/usr/lib/gcc/arm-none-eabi/8.3.1/../../../arm-none-eabi/lib/thumb/v7e-m+fp/hard/libc_nano.a(lib_a-memmove.o)
                              /usr/lib/gcc/arm-none-eabi/8.3.1/../../../arm-none-eabi/lib/thumb/v7e-m+fp/hard/libc_nano.a(lib_a-nano-svfprintf.o) (memmove)
/usr/lib/gcc/arm-none-eabi/8.3.1/../../../arm-none-eabi/lib/thumb/v7e-m+fp/hard/libc_nano.a(lib_a-nano-freer.o)
                              /usr/lib/gcc/arm-none-eabi/8.3.1/../../../arm-none-eabi/lib/thumb/v7e-m+fp/hard/libc_nano.a(lib_a-nano-svfprintf.o) (_free_r)
/usr/lib/gcc/arm-none-eabi/8.3.1/../../../arm-none-eabi/lib/thumb/v7e-m+fp/hard/libc_nano.a(lib_a-nano-mallocr.o)
                              /usr/lib/gcc/arm-none-eabi/8.3.1/../../../arm-none-eabi/lib/thumb/v7e-m+fp/hard/libc_nano.a(lib_a-nano-svfprintf.o) (_malloc_r)
/usr/lib/gcc/arm-none-eabi/8.3.1/../../../arm-none-eabi/lib/thumb/v7e-m+fp/hard/libc_nano.a(lib_a-nano-reallocr.o)
                              /usr/lib/gcc/arm-none-eabi/8.3.1/../../../arm-none-eabi/lib/thumb/v7e-m+fp/hard/libc_nano.a(lib_a-nano-svfprintf.o) (_realloc_r)
/usr/lib/gcc/arm-none-eabi/8.3.1/../../../arm-none-eabi/lib/thumb/v7e-m+fp/hard/libc_nano.a(lib_a-sbrkr.o)
                              /usr/lib/gcc/arm-none-eabi/8.3.1/../../../arm-none-eabi/lib/thumb/v7e-m+fp/hard/libc_nano.a(lib_a-nano-mallocr.o) (_sbrk_r)
/usr/lib/gcc/arm-none-eabi/8.3.1/../../../arm-none-eabi/lib/thumb/v7e-m+fp/hard/libc_nano.a(lib_a-mlock.o)
[...]
Memory Configuration

Name             Origin             Length             Attributes
RAM              0x0000000020000000 0x0000000000020000 xrw
CCMRAM           0x0000000010000000 0x0000000000010000 xrw
FLASH            0x0000000008000000 0x0000000000080000 xr
*default*        0x0000000000000000 0xffffffffffffffff

Linker script and memory map

LOAD /usr/lib/gcc/arm-none-eabi/8.3.1/thumb/v7e-m+fp/hard/crti.o
LOAD /usr/lib/gcc/arm-none-eabi/8.3.1/thumb/v7e-m+fp/hard/crtbegin.o
LOAD /usr/lib/gcc/arm-none-eabi/8.3.1/../../../arm-none-eabi/lib/thumb/v7e-m+fp/hard/crt0.o
LOAD build/main.o
LOAD build/stm32f4xx_it.o
LOAD build/stm32f4xx_hal_msp.o
LOAD build/stm32f4xx_hal_tim.o
LOAD build/stm32f4xx_hal_tim_ex.o
LOAD build/stm32f4xx_hal_rcc.o
LOAD build/stm32f4xx_hal_rcc_ex.o
LOAD build/stm32f4xx_hal_flash.o
LOAD build/stm32f4xx_hal_flash_ex.o
LOAD build/stm32f4xx_hal_flash_ramfunc.o
LOAD build/stm32f4xx_hal_gpio.o
LOAD build/stm32f4xx_hal_dma_ex.o
LOAD build/stm32f4xx_hal_dma.o
LOAD build/stm32f4xx_hal_pwr.o
LOAD build/stm32f4xx_hal_pwr_ex.o
LOAD build/stm32f4xx_hal_cortex.o
LOAD build/stm32f4xx_hal.o
LOAD build/stm32f4xx_hal_exti.o
LOAD build/system_stm32f4xx.o
LOAD build/stm32f4xx_hal_adc.o
LOAD build/stm32f4xx_hal_adc_ex.o
LOAD build/stm32f4xx_ll_adc.o
LOAD build/stm32f4xx_hal_can.o
LOAD build/usb_device.o
LOAD build/usbd_desc.o
LOAD build/usbd_cdc_if.o
LOAD build/usbd_conf.o
LOAD build/stm32f4xx_hal_pcd.o
LOAD build/stm32f4xx_hal_pcd_ex.o
LOAD build/stm32f4xx_ll_usb.o
LOAD build/usbd_core.o
LOAD build/usbd_ctlreq.o
LOAD build/usbd_ioreq.o
LOAD build/usbd_cdc.o
LOAD build/stm32f4xx_hal_rtc.o
LOAD build/stm32f4xx_hal_rtc_ex.o
LOAD build/startup_stm32f407xx.o
LOAD /usr/lib/gcc/arm-none-eabi/8.3.1/../../../arm-none-eabi/lib/thumb/v7e-m+fp/hard/libc_nano.a
LOAD /usr/lib/gcc/arm-none-eabi/8.3.1/../../../arm-none-eabi/lib/thumb/v7e-m+fp/hard/libm.a
LOAD /usr/lib/gcc/arm-none-eabi/8.3.1/../../../arm-none-eabi/lib/thumb/v7e-m+fp/hard/libnosys.a
START GROUP
LOAD /usr/lib/gcc/arm-none-eabi/8.3.1/thumb/v7e-m+fp/hard/libgcc.a
LOAD /usr/lib/gcc/arm-none-eabi/8.3.1/../../../arm-none-eabi/lib/thumb/v7e-m+fp/hard/libc_nano.a
END GROUP
START GROUP
LOAD /usr/lib/gcc/arm-none-eabi/8.3.1/thumb/v7e-m+fp/hard/libgcc.a
LOAD /usr/lib/gcc/arm-none-eabi/8.3.1/../../../arm-none-eabi/lib/thumb/v7e-m+fp/hard/libc_nano.a
END GROUP
LOAD /usr/lib/gcc/arm-none-eabi/8.3.1/thumb/v7e-m+fp/hard/crtend.o
LOAD /usr/lib/gcc/arm-none-eabi/8.3.1/thumb/v7e-m+fp/hard/crtn.o
                0x0000000020020000                _estack = (ORIGIN (RAM) + LENGTH (RAM))
                0x0000000000000200                _Min_Heap_Size = 0x200
                0x0000000000000400                _Min_Stack_Size = 0x400

.isr_vector     0x0000000008000000      0x188
                0x0000000008000000                . = ALIGN (0x4)
 *(.isr_vector)
 .isr_vector    0x0000000008000000      0x188 build/startup_stm32f407xx.o
                0x0000000008000000                g_pfnVectors
                0x0000000008000188                . = ALIGN (0x4)

.text           0x00000000080001c0     0x44ec
                0x00000000080001c0                . = ALIGN (0x4)
 *(.text)
 .text          0x00000000080001c0       0x88 /usr/lib/gcc/arm-none-eabi/8.3.1/thumb/v7e-m+fp/hard/crtbegin.o
 .text          0x0000000008000248       0x48 /usr/lib/gcc/arm-none-eabi/8.3.1/../../../arm-none-eabi/lib/thumb/v7e-m+fp/hard/libc_nano.a(lib_a-init.o)
                0x0000000008000248                __libc_init_array
 .text          0x0000000008000290       0xa0 /usr/lib/gcc/arm-none-eabi/8.3.1/../../../arm-none-eabi/lib/thumb/v7e-m+fp/hard/libc_nano.a(lib_a-memset.o)
                0x0000000008000290                memset
 .text          0x0000000008000330      0x110 /usr/lib/gcc/arm-none-eabi/8.3.1/../../../arm-none-eabi/lib/thumb/v7e-m+fp/hard/libc_nano.a(lib_a-snprintf.o)
                0x0000000008000330                _sniprintf_r
                0x0000000008000330                _snprintf_r
                0x00000000080003b4                snprintf
                0x00000000080003b4                sniprintf
 .text          0x0000000008000440       0xdc /usr/lib/gcc/arm-none-eabi/8.3.1/../../../arm-none-eabi/lib/thumb/v7e-m+fp/hard/libc_nano.a(lib_a-strlen.o)
                0x0000000008000440                strlen
 .text          0x000000000800051c      0x42c /usr/lib/gcc/arm-none-eabi/8.3.1/../../../arm-none-eabi/lib/thumb/v7e-m+fp/hard/libc_nano.a(lib_a-nano-svfprintf.o)
                0x000000000800051c                __ssputs_r
                0x00000000080005dc                __ssprint_r
                0x00000000080006d4                _svfprintf_r
                0x00000000080006d4                _svfiprintf_r
 .text          0x0000000008000948      0x3c4 /usr/lib/gcc/arm-none-eabi/8.3.1/../../../arm-none-eabi/lib/thumb/v7e-m+fp/hard/libc_nano.a(lib_a-nano-vfprintf_i.o)
                0x0000000008000948                _printf_common
                0x0000000008000a74                _printf_i
 *fill*         0x0000000008000d0c        0x4 
 .text          0x0000000008000d10       0xa0 /usr/lib/gcc/arm-none-eabi/8.3.1/../../../arm-none-eabi/lib/thumb/v7e-m+fp/hard/libc_nano.a(lib_a-memchr.o)
                0x0000000008000d10                memchr
 .text          0x0000000008000db0      0x134 /usr/lib/gcc/arm-none-eabi/8.3.1/../../../arm-none-eabi/lib/thumb/v7e-m+fp/hard/libc_nano.a(lib_a-memcpy.o)
                0x0000000008000db0                memcpy
 .text          0x0000000008000ee4       0xd0 /usr/lib/gcc/arm-none-eabi/8.3.1/../../../arm-none-eabi/lib/thumb/v7e-m+fp/hard/libc_nano.a(lib_a-memmove.o)
                0x0000000008000ee4                memmove
 .text          0x0000000008000fb4       0xac /usr/lib/gcc/arm-none-eabi/8.3.1/../../../arm-none-eabi/lib/thumb/v7e-m+fp/hard/libc_nano.a(lib_a-nano-freer.o)
                0x0000000008000fb4                _free_r
 .text          0x0000000008001060       0xc8 /usr/lib/gcc/arm-none-eabi/8.3.1/../../../arm-none-eabi/lib/thumb/v7e-m+fp/hard/libc_nano.a(lib_a-nano-mallocr.o)
                0x0000000008001060                _malloc_r
 .text          0x0000000008001128       0x4c /usr/lib/gcc/arm-none-eabi/8.3.1/../../../arm-none-eabi/lib/thumb/v7e-m+fp/hard/libc_nano.a(lib_a-nano-reallocr.o)
                0x0000000008001128                _realloc_r
 .text          0x0000000008001174       0x24 /usr/lib/gcc/arm-none-eabi/8.3.1/../../../arm-none-eabi/lib/thumb/v7e-m+fp/hard/libc_nano.a(lib_a-sbrkr.o)
                0x0000000008001174                _sbrk_r
 .text          0x0000000008001198        0x8 /usr/lib/gcc/arm-none-eabi/8.3.1/../../../arm-none-eabi/lib/thumb/v7e-m+fp/hard/libc_nano.a(lib_a-mlock.o)
                0x0000000008001198                __malloc_lock
                0x000000000800119c                __malloc_unlock
 .text          0x00000000080011a0       0x10 /usr/lib/gcc/arm-none-eabi/8.3.1/../../../arm-none-eabi/lib/thumb/v7e-m+fp/hard/libc_nano.a(lib_a-nano-msizer.o)
                0x00000000080011a0                _malloc_usable_size_r
 .text          0x00000000080011b0       0x1c /usr/lib/gcc/arm-none-eabi/8.3.1/../../../arm-none-eabi/lib/thumb/v7e-m+fp/hard/libnosys.a(sbrk.o)
                0x00000000080011b0                _sbrk
 *(.text*)
 .text.main     0x00000000080011cc       0x8c build/main.o
                0x00000000080011cc                main
 .text.Error_Handler
                0x0000000008001258       0x18 build/main.o
                0x0000000008001258                Error_Handler
 .text.NMI_Handler
                0x0000000008001270        0x2 build/stm32f4xx_it.o
                0x0000000008001270                NMI_Handler
 .text.HardFault_Handler
                0x0000000008001272        0x2 build/stm32f4xx_it.o
                0x0000000008001272                HardFault_Handler
 .text.MemManage_Handler
                0x0000000008001274        0x2 build/stm32f4xx_it.o
                0x0000000008001274                MemManage_Handler
 .text.BusFault_Handler
                0x0000000008001276        0x2 build/stm32f4xx_it.o
                0x0000000008001276                BusFault_Handler
 .text.UsageFault_Handler
                0x0000000008001278        0x2 build/stm32f4xx_it.o
                0x0000000008001278                UsageFault_Handler
 .text.SVC_Handler
                0x000000000800127a        0x2 build/stm32f4xx_it.o
                0x000000000800127a                SVC_Handler
 .text.DebugMon_Handler
                0x000000000800127c        0x2 build/stm32f4xx_it.o
                0x000000000800127c                DebugMon_Handler
 .text.PendSV_Handler
                0x000000000800127e        0x2 build/stm32f4xx_it.o
                0x000000000800127e                PendSV_Handler
 .text.SysTick_Handler
                0x0000000008001280        0x8 build/stm32f4xx_it.o
                0x0000000008001280                SysTick_Handler
 .text.OTG_FS_IRQHandler
                0x0000000008001288       0x10 build/stm32f4xx_it.o
                0x0000000008001288                OTG_FS_IRQHandler
 .text.HAL_RCC_GetHCLKFreq
                0x0000000008001298        0xc build/stm32f4xx_hal_rcc.o
                0x0000000008001298                HAL_RCC_GetHCLKFreq
 .text.HAL_GPIO_Init
                0x00000000080012a4      0x1d4 build/stm32f4xx_hal_gpio.o
                0x00000000080012a4                HAL_GPIO_Init
 .text.HAL_GPIO_TogglePin
                0x0000000008001478       0x12 build/stm32f4xx_hal_gpio.o
                0x0000000008001478                HAL_GPIO_TogglePin
 *fill*         0x000000000800148a        0x2 
 .text.HAL_NVIC_SetPriority
                0x000000000800148c       0x68 build/stm32f4xx_hal_cortex.o
                0x000000000800148c                HAL_NVIC_SetPriority
 .text.HAL_NVIC_EnableIRQ
                0x00000000080014f4       0x1c build/stm32f4xx_hal_cortex.o
                0x00000000080014f4                HAL_NVIC_EnableIRQ
 .text.HAL_IncTick
                0x0000000008001510       0x18 build/stm32f4xx_hal.o
                0x0000000008001510                HAL_IncTick
 .text.HAL_GetTick
                0x0000000008001528        0xc build/stm32f4xx_hal.o
                0x0000000008001528                HAL_GetTick
 .text.HAL_Delay
                0x0000000008001534       0x28 build/stm32f4xx_hal.o
                0x0000000008001534                HAL_Delay
 .text.SystemInit
                0x000000000800155c       0x14 build/system_stm32f4xx.o
                0x000000000800155c                SystemInit
 .text.HAL_ADC_Start
                0x0000000008001570      0x144 build/stm32f4xx_hal_adc.o
                0x0000000008001570                HAL_ADC_Start
 .text.HAL_ADC_PollForConversion
                0x00000000080016b4       0xb8 build/stm32f4xx_hal_adc.o
                0x00000000080016b4                HAL_ADC_PollForConversion
 .text.HAL_ADC_GetValue
                0x000000000800176c        0x6 build/stm32f4xx_hal_adc.o
                0x000000000800176c                HAL_ADC_GetValue
 *fill*         0x0000000008001772        0x2 
 .text.MX_USB_DEVICE_Init
                0x0000000008001774       0x54 build/usb_device.o
                0x0000000008001774                MX_USB_DEVICE_Init
 .text.USBD_FS_DeviceDescriptor
                0x00000000080017c8        0xc build/usbd_desc.o
                0x00000000080017c8                USBD_FS_DeviceDescriptor
 .text.USBD_FS_LangIDStrDescriptor
                0x00000000080017d4        0xc build/usbd_desc.o
                0x00000000080017d4                USBD_FS_LangIDStrDescriptor
 .text.IntToUnicode
                0x00000000080017e0       0x36 build/usbd_desc.o
 *fill*         0x0000000008001816        0x2 
 .text.Get_SerialNum
                0x0000000008001818       0x34 build/usbd_desc.o
 .text.USBD_FS_SerialStrDescriptor
                0x000000000800184c       0x14 build/usbd_desc.o
                0x000000000800184c                USBD_FS_SerialStrDescriptor
 .text.USBD_FS_ProductStrDescriptor
                0x0000000008001860       0x24 build/usbd_desc.o
                0x0000000008001860                USBD_FS_ProductStrDescriptor
 .text.USBD_FS_ManufacturerStrDescriptor
                0x0000000008001884       0x1c build/usbd_desc.o
                0x0000000008001884                USBD_FS_ManufacturerStrDescriptor
 .text.USBD_FS_ConfigStrDescriptor
                0x00000000080018a0       0x24 build/usbd_desc.o
                0x00000000080018a0                USBD_FS_ConfigStrDescriptor
 .text.USBD_FS_InterfaceStrDescriptor
                0x00000000080018c4       0x24 build/usbd_desc.o
                0x00000000080018c4                USBD_FS_InterfaceStrDescriptor
 .text.CDC_DeInit_FS
                0x00000000080018e8        0x4 build/usbd_cdc_if.o
 .text.CDC_Control_FS
                0x00000000080018ec        0x4 build/usbd_cdc_if.o
 .text.CDC_TransmitCplt_FS
                0x00000000080018f0        0x4 build/usbd_cdc_if.o
 .text.CDC_Receive_FS
                0x00000000080018f4       0x1c build/usbd_cdc_if.o
 .text.CDC_Init_FS
                0x0000000008001910       0x28 build/usbd_cdc_if.o
 .text.CDC_Transmit_FS
                0x0000000008001938       0x2c build/usbd_cdc_if.o
                0x0000000008001938                CDC_Transmit_FS
 .text.HAL_PCD_MspInit
                0x0000000008001964       0x84 build/usbd_conf.o
                0x0000000008001964                HAL_PCD_MspInit
 .text.HAL_PCD_SetupStageCallback
                0x00000000080019e8       0x10 build/usbd_conf.o
                0x00000000080019e8                HAL_PCD_SetupStageCallback
 .text.HAL_PCD_DataOutStageCallback
                0x00000000080019f8       0x18 build/usbd_conf.o
                0x00000000080019f8                HAL_PCD_DataOutStageCallback
 .text.HAL_PCD_DataInStageCallback
                0x0000000008001a10       0x16 build/usbd_conf.o
                0x0000000008001a10                HAL_PCD_DataInStageCallback
 .text.HAL_PCD_SOFCallback
                0x0000000008001a26        0xc build/usbd_conf.o
                0x0000000008001a26                HAL_PCD_SOFCallback
 .text.HAL_PCD_ResetCallback
                0x0000000008001a32       0x2c build/usbd_conf.o
                0x0000000008001a32                HAL_PCD_ResetCallback
 *fill*         0x0000000008001a5e        0x2 
 .text.HAL_PCD_SuspendCallback
                0x0000000008001a60       0x30 build/usbd_conf.o
                0x0000000008001a60                HAL_PCD_SuspendCallback
 .text.HAL_PCD_ResumeCallback
                0x0000000008001a90        0xc build/usbd_conf.o
                0x0000000008001a90                HAL_PCD_ResumeCallback
 .text.HAL_PCD_ISOOUTIncompleteCallback
                0x0000000008001a9c        0xc build/usbd_conf.o
                0x0000000008001a9c                HAL_PCD_ISOOUTIncompleteCallback
 .text.HAL_PCD_ISOINIncompleteCallback
                0x0000000008001aa8        0xc build/usbd_conf.o
                0x0000000008001aa8                HAL_PCD_ISOINIncompleteCallback
 .text.HAL_PCD_ConnectCallback
                0x0000000008001ab4        0xc build/usbd_conf.o
                0x0000000008001ab4                HAL_PCD_ConnectCallback
 .text.HAL_PCD_DisconnectCallback
                0x0000000008001ac0        0xc build/usbd_conf.o
                0x0000000008001ac0                HAL_PCD_DisconnectCallback
 .text.USBD_LL_Init
                0x0000000008001acc       0x68 build/usbd_conf.o
                0x0000000008001acc                USBD_LL_Init
 .text.USBD_LL_IsStallEP
                0x0000000008001b34       0x2e build/usbd_conf.o
                0x0000000008001b34                USBD_LL_IsStallEP
 .text.USBD_LL_GetRxDataSize
                0x0000000008001b62        0xc build/usbd_conf.o
                0x0000000008001b62                USBD_LL_GetRxDataSize
 *fill*         0x0000000008001b6e        0x2 
 .text.USBD_static_malloc
                0x0000000008001b70        0x8 build/usbd_conf.o
                0x0000000008001b70                USBD_static_malloc
 .text.USBD_static_free
                0x0000000008001b78        0x2 build/usbd_conf.o
                0x0000000008001b78                USBD_static_free
 .text.USBD_Get_USB_Status
                0x0000000008001b7a       0x14 build/usbd_conf.o
                0x0000000008001b7a                USBD_Get_USB_Status
 .text.USBD_LL_Start
                0x0000000008001b8e       0x10 build/usbd_conf.o
                0x0000000008001b8e                USBD_LL_Start
 .text.USBD_LL_OpenEP
                0x0000000008001b9e       0x16 build/usbd_conf.o
                0x0000000008001b9e                USBD_LL_OpenEP
 .text.USBD_LL_CloseEP
                0x0000000008001bb4       0x10 build/usbd_conf.o
                0x0000000008001bb4                USBD_LL_CloseEP
 .text.USBD_LL_StallEP
                0x0000000008001bc4       0x10 build/usbd_conf.o
                0x0000000008001bc4                USBD_LL_StallEP
 .text.USBD_LL_ClearStallEP
                0x0000000008001bd4       0x10 build/usbd_conf.o
                0x0000000008001bd4                USBD_LL_ClearStallEP
 .text.USBD_LL_SetUSBAddress
                0x0000000008001be4       0x10 build/usbd_conf.o
                0x0000000008001be4                USBD_LL_SetUSBAddress
 .text.USBD_LL_Transmit
                0x0000000008001bf4       0x10 build/usbd_conf.o
                0x0000000008001bf4                USBD_LL_Transmit
 .text.USBD_LL_PrepareReceive
                0x0000000008001c04       0x10 build/usbd_conf.o
                0x0000000008001c04                USBD_LL_PrepareReceive
 .text.PCD_WriteEmptyTxFifo
                0x0000000008001c14       0xd2 build/stm32f4xx_hal_pcd.o
 .text.HAL_PCD_Init
                0x0000000008001ce6      0x122 build/stm32f4xx_hal_pcd.o
                0x0000000008001ce6                HAL_PCD_Init
 .text.HAL_PCD_Start
                0x0000000008001e08       0x42 build/stm32f4xx_hal_pcd.o
                0x0000000008001e08                HAL_PCD_Start
 *fill*         0x0000000008001e4a        0x2 
 .text.PCD_EP_OutXfrComplete_int
                0x0000000008001e4c      0x104 build/stm32f4xx_hal_pcd.o
 .text.PCD_EP_OutSetupPacket_int
                0x0000000008001f50       0x50 build/stm32f4xx_hal_pcd.o
 .text.HAL_PCD_SetAddress
                0x0000000008001fa0       0x28 build/stm32f4xx_hal_pcd.o
                0x0000000008001fa0                HAL_PCD_SetAddress
 .text.HAL_PCD_EP_Open
                0x0000000008001fc8       0x80 build/stm32f4xx_hal_pcd.o
                0x0000000008001fc8                HAL_PCD_EP_Open
 .text.HAL_PCD_EP_Close
                0x0000000008002048       0x6c build/stm32f4xx_hal_pcd.o
                0x0000000008002048                HAL_PCD_EP_Close
 .text.HAL_PCD_EP_Receive
                0x00000000080020b4       0x5c build/stm32f4xx_hal_pcd.o
                0x00000000080020b4                HAL_PCD_EP_Receive
 .text.HAL_PCD_EP_GetRxCount
                0x0000000008002110       0x12 build/stm32f4xx_hal_pcd.o
                0x0000000008002110                HAL_PCD_EP_GetRxCount
 .text.HAL_PCD_EP_Transmit
                0x0000000008002122       0x54 build/stm32f4xx_hal_pcd.o
                0x0000000008002122                HAL_PCD_EP_Transmit
 .text.HAL_PCD_EP_SetStall
                0x0000000008002176       0x82 build/stm32f4xx_hal_pcd.o
                0x0000000008002176                HAL_PCD_EP_SetStall
 .text.HAL_PCD_EP_ClrStall
                0x00000000080021f8       0x6e build/stm32f4xx_hal_pcd.o
                0x00000000080021f8                HAL_PCD_EP_ClrStall
 .text.HAL_PCD_EP_Abort
                0x0000000008002266       0x34 build/stm32f4xx_hal_pcd.o
                0x0000000008002266                HAL_PCD_EP_Abort
 .text.HAL_PCD_IRQHandler
                0x000000000800229a      0x5ec build/stm32f4xx_hal_pcd.o
                0x000000000800229a                HAL_PCD_IRQHandler
 .text.HAL_PCDEx_SetTxFiFo
                0x0000000008002886       0x48 build/stm32f4xx_hal_pcd_ex.o
                0x0000000008002886                HAL_PCDEx_SetTxFiFo
 .text.HAL_PCDEx_SetRxFiFo
                0x00000000080028ce        0x8 build/stm32f4xx_hal_pcd_ex.o
                0x00000000080028ce                HAL_PCDEx_SetRxFiFo
 .text.HAL_PCDEx_LPM_Callback
                0x00000000080028d6        0x2 build/stm32f4xx_hal_pcd_ex.o
                0x00000000080028d6                HAL_PCDEx_LPM_Callback
 .text.USB_CoreReset
                0x00000000080028d8       0x50 build/stm32f4xx_ll_usb.o
 .text.USB_CoreInit
                0x0000000008002928       0x8a build/stm32f4xx_ll_usb.o
                0x0000000008002928                USB_CoreInit
 *fill*         0x00000000080029b2        0x2 
 .text.USB_SetTurnaroundTime
                0x00000000080029b4       0xec build/stm32f4xx_ll_usb.o
                0x00000000080029b4                USB_SetTurnaroundTime
 .text.USB_EnableGlobalInt
                0x0000000008002aa0        0xc build/stm32f4xx_ll_usb.o
                0x0000000008002aa0                USB_EnableGlobalInt
 .text.USB_DisableGlobalInt
                0x0000000008002aac        0xc build/stm32f4xx_ll_usb.o
                0x0000000008002aac                USB_DisableGlobalInt
 .text.USB_FlushTxFifo
                0x0000000008002ab8       0x50 build/stm32f4xx_ll_usb.o
                0x0000000008002ab8                USB_FlushTxFifo
 .text.USB_FlushRxFifo
                0x0000000008002b08       0x4c build/stm32f4xx_ll_usb.o
                0x0000000008002b08                USB_FlushRxFifo
 .text.USB_SetDevSpeed
                0x0000000008002b54        0xe build/stm32f4xx_ll_usb.o
                0x0000000008002b54                USB_SetDevSpeed
 *fill*         0x0000000008002b62        0x2 
 .text.USB_DevInit
                0x0000000008002b64      0x18c build/stm32f4xx_ll_usb.o
                0x0000000008002b64                USB_DevInit
 .text.USB_GetDevSpeed
                0x0000000008002cf0       0x22 build/stm32f4xx_ll_usb.o
                0x0000000008002cf0                USB_GetDevSpeed
 .text.USB_ActivateEndpoint
                0x0000000008002d12       0x94 build/stm32f4xx_ll_usb.o
                0x0000000008002d12                USB_ActivateEndpoint
 *fill*         0x0000000008002da6        0x2 
 .text.USB_DeactivateEndpoint
                0x0000000008002da8       0xdc build/stm32f4xx_ll_usb.o
                0x0000000008002da8                USB_DeactivateEndpoint
 .text.USB_EP0StartXfer
                0x0000000008002e84      0x120 build/stm32f4xx_ll_usb.o
                0x0000000008002e84                USB_EP0StartXfer
 .text.USB_EPStopXfer
                0x0000000008002fa4       0xbe build/stm32f4xx_ll_usb.o
                0x0000000008002fa4                USB_EPStopXfer
 .text.USB_WritePacket
                0x0000000008003062       0x28 build/stm32f4xx_ll_usb.o
                0x0000000008003062                USB_WritePacket
 *fill*         0x000000000800308a        0x2 
 .text.USB_EPStartXfer
                0x000000000800308c      0x218 build/stm32f4xx_ll_usb.o
                0x000000000800308c                USB_EPStartXfer
 .text.USB_ReadPacket
                0x00000000080032a4       0x4a build/stm32f4xx_ll_usb.o
                0x00000000080032a4                USB_ReadPacket
 .text.USB_EPSetStall
                0x00000000080032ee       0x5a build/stm32f4xx_ll_usb.o
                0x00000000080032ee                USB_EPSetStall
 .text.USB_EPClearStall
                0x0000000008003348       0x5c build/stm32f4xx_ll_usb.o
                0x0000000008003348                USB_EPClearStall
 .text.USB_SetDevAddress
                0x00000000080033a4       0x20 build/stm32f4xx_ll_usb.o
                0x00000000080033a4                USB_SetDevAddress
 .text.USB_DevConnect
                0x00000000080033c4       0x1c build/stm32f4xx_ll_usb.o
                0x00000000080033c4                USB_DevConnect
 .text.USB_DevDisconnect
                0x00000000080033e0       0x1c build/stm32f4xx_ll_usb.o
                0x00000000080033e0                USB_DevDisconnect
 .text.USB_ReadInterrupts
                0x00000000080033fc        0x8 build/stm32f4xx_ll_usb.o
                0x00000000080033fc                USB_ReadInterrupts
 .text.USB_ReadDevAllOutEpInterrupt
                0x0000000008003404       0x10 build/stm32f4xx_ll_usb.o
                0x0000000008003404                USB_ReadDevAllOutEpInterrupt
 .text.USB_ReadDevAllInEpInterrupt
                0x0000000008003414       0x10 build/stm32f4xx_ll_usb.o
                0x0000000008003414                USB_ReadDevAllInEpInterrupt
 .text.USB_ReadDevOutEPInterrupt
                0x0000000008003424       0x12 build/stm32f4xx_ll_usb.o
                0x0000000008003424                USB_ReadDevOutEPInterrupt
 .text.USB_ReadDevInEPInterrupt
                0x0000000008003436       0x28 build/stm32f4xx_ll_usb.o
                0x0000000008003436                USB_ReadDevInEPInterrupt
 .text.USB_GetMode
                0x000000000800345e        0x8 build/stm32f4xx_ll_usb.o
                0x000000000800345e                USB_GetMode
 .text.USB_SetCurrentMode
                0x0000000008003466       0x62 build/stm32f4xx_ll_usb.o
                0x0000000008003466                USB_SetCurrentMode
 .text.USB_ActivateSetup
                0x00000000080034c8       0x20 build/stm32f4xx_ll_usb.o
                0x00000000080034c8                USB_ActivateSetup
 .text.USB_EP0_OutStart
                0x00000000080034e8       0x60 build/stm32f4xx_ll_usb.o
                0x00000000080034e8                USB_EP0_OutStart
 .text.USBD_Init
                0x0000000008003548       0x2e build/usbd_core.o
                0x0000000008003548                USBD_Init
 .text.USBD_RegisterClass
                0x0000000008003576       0x34 build/usbd_core.o
                0x0000000008003576                USBD_RegisterClass
 .text.USBD_Start
                0x00000000080035aa        0x8 build/usbd_core.o
                0x00000000080035aa                USBD_Start
 .text.USBD_SetClassConfig
                0x00000000080035b2       0x12 build/usbd_core.o
                0x00000000080035b2                USBD_SetClassConfig
 .text.USBD_ClrClassConfig
                0x00000000080035c4       0x16 build/usbd_core.o
                0x00000000080035c4                USBD_ClrClassConfig
 .text.USBD_LL_SetupStage
                0x00000000080035da       0x5a build/usbd_core.o
                0x00000000080035da                USBD_LL_SetupStage
 .text.USBD_LL_Reset
                0x0000000008003634       0x64 build/usbd_core.o
                0x0000000008003634                USBD_LL_Reset
 .text.USBD_LL_SetSpeed
                0x0000000008003698        0x6 build/usbd_core.o
                0x0000000008003698                USBD_LL_SetSpeed
 .text.USBD_LL_Suspend
                0x000000000800369e       0x14 build/usbd_core.o
                0x000000000800369e                USBD_LL_Suspend
 .text.USBD_LL_Resume
                0x00000000080036b2       0x1a build/usbd_core.o
                0x00000000080036b2                USBD_LL_Resume
 .text.USBD_LL_SOF
                0x00000000080036cc       0x22 build/usbd_core.o
                0x00000000080036cc                USBD_LL_SOF
 .text.USBD_LL_IsoINIncomplete
                0x00000000080036ee       0x2e build/usbd_core.o
                0x00000000080036ee                USBD_LL_IsoINIncomplete
 .text.USBD_LL_IsoOUTIncomplete
                0x000000000800371c       0x2e build/usbd_core.o
                0x000000000800371c                USBD_LL_IsoOUTIncomplete
 .text.USBD_LL_DevConnected
                0x000000000800374a        0x4 build/usbd_core.o
                0x000000000800374a                USBD_LL_DevConnected
 .text.USBD_LL_DevDisconnected
                0x000000000800374e       0x24 build/usbd_core.o
                0x000000000800374e                USBD_LL_DevDisconnected
 .text.USBD_CoreFindIF
                0x0000000008003772        0x4 build/usbd_core.o
                0x0000000008003772                USBD_CoreFindIF
 .text.USBD_CoreFindEP
                0x0000000008003776        0x4 build/usbd_core.o
                0x0000000008003776                USBD_CoreFindEP
 .text.USBD_LL_DataOutStage
                0x000000000800377a       0xd8 build/usbd_core.o
                0x000000000800377a                USBD_LL_DataOutStage
 .text.USBD_LL_DataInStage
                0x0000000008003852       0xe2 build/usbd_core.o
                0x0000000008003852                USBD_LL_DataInStage
 .text.USBD_GetNextDesc
                0x0000000008003934        0xe build/usbd_core.o
                0x0000000008003934                USBD_GetNextDesc
 .text.USBD_GetEpDesc
                0x0000000008003942       0x3e build/usbd_core.o
                0x0000000008003942                USBD_GetEpDesc
 .text.USBD_GetLen
                0x0000000008003980       0x12 build/usbd_ctlreq.o
 .text.USBD_ParseSetupRequest
                0x0000000008003992       0x28 build/usbd_ctlreq.o
                0x0000000008003992                USBD_ParseSetupRequest
 .text.USBD_CtlError
                0x00000000080039ba       0x14 build/usbd_ctlreq.o
                0x00000000080039ba                USBD_CtlError
 .text.USBD_GetDescriptor
                0x00000000080039ce      0x18a build/usbd_ctlreq.o
 .text.USBD_SetAddress
                0x0000000008003b58       0x50 build/usbd_ctlreq.o
 .text.USBD_SetConfig
                0x0000000008003ba8       0xcc build/usbd_ctlreq.o
 .text.USBD_GetConfig
                0x0000000008003c74       0x40 build/usbd_ctlreq.o
 .text.USBD_GetStatus
                0x0000000008003cb4       0x38 build/usbd_ctlreq.o
 .text.USBD_SetFeature
                0x0000000008003cec       0x2a build/usbd_ctlreq.o
 .text.USBD_ClrFeature
                0x0000000008003d16       0x26 build/usbd_ctlreq.o
 .text.USBD_StdDevReq
                0x0000000008003d3c       0x76 build/usbd_ctlreq.o
                0x0000000008003d3c                USBD_StdDevReq
 .text.USBD_StdItfReq
                0x0000000008003db2       0x8c build/usbd_ctlreq.o
                0x0000000008003db2                USBD_StdItfReq
 .text.USBD_StdEPReq
                0x0000000008003e3e      0x244 build/usbd_ctlreq.o
                0x0000000008003e3e                USBD_StdEPReq
 .text.USBD_GetString
                0x0000000008004082       0x36 build/usbd_ctlreq.o
                0x0000000008004082                USBD_GetString
 .text.USBD_CtlSendData
                0x00000000080040b8       0x1a build/usbd_ioreq.o
                0x00000000080040b8                USBD_CtlSendData
 .text.USBD_CtlContinueSendData
                0x00000000080040d2       0x10 build/usbd_ioreq.o
                0x00000000080040d2                USBD_CtlContinueSendData
 .text.USBD_CtlPrepareRx
                0x00000000080040e2       0x1e build/usbd_ioreq.o
                0x00000000080040e2                USBD_CtlPrepareRx
 .text.USBD_CtlContinueRx
                0x0000000008004100       0x10 build/usbd_ioreq.o
                0x0000000008004100                USBD_CtlContinueRx
 .text.USBD_CtlSendStatus
                0x0000000008004110       0x16 build/usbd_ioreq.o
                0x0000000008004110                USBD_CtlSendStatus
 .text.USBD_CtlReceiveStatus
                0x0000000008004126       0x16 build/usbd_ioreq.o
                0x0000000008004126                USBD_CtlReceiveStatus
 .text.USBD_CDC_EP0_RxReady
                0x000000000800413c       0x40 build/usbd_cdc.o
 .text.USBD_CDC_GetDeviceQualifierDescriptor
                0x000000000800417c        0xc build/usbd_cdc.o
                0x000000000800417c                USBD_CDC_GetDeviceQualifierDescriptor
 .text.USBD_CDC_GetOtherSpeedCfgDesc
                0x0000000008004188       0x48 build/usbd_cdc.o
 .text.USBD_CDC_GetFSCfgDesc
                0x00000000080041d0       0x48 build/usbd_cdc.o
 .text.USBD_CDC_GetHSCfgDesc
                0x0000000008004218       0x48 build/usbd_cdc.o
 .text.USBD_CDC_DataOut
                0x0000000008004260       0x38 build/usbd_cdc.o
 .text.USBD_CDC_DataIn
                0x0000000008004298       0x7c build/usbd_cdc.o
 .text.USBD_CDC_Setup
                0x0000000008004314      0x11c build/usbd_cdc.o
 .text.USBD_CDC_DeInit
                0x0000000008004430       0x64 build/usbd_cdc.o
 .text.USBD_CDC_Init
                0x0000000008004494       0xee build/usbd_cdc.o
 .text.USBD_CDC_RegisterInterface
                0x0000000008004582       0x16 build/usbd_cdc.o
                0x0000000008004582                USBD_CDC_RegisterInterface
 .text.USBD_CDC_SetTxBuffer
                0x0000000008004598       0x1c build/usbd_cdc.o
                0x0000000008004598                USBD_CDC_SetTxBuffer
 .text.USBD_CDC_SetRxBuffer
                0x00000000080045b4       0x18 build/usbd_cdc.o
                0x00000000080045b4                USBD_CDC_SetRxBuffer
 .text.USBD_CDC_TransmitPacket
                0x00000000080045cc       0x3a build/usbd_cdc.o
                0x00000000080045cc                USBD_CDC_TransmitPacket
 .text.USBD_CDC_ReceivePacket
                0x0000000008004606       0x38 build/usbd_cdc.o
                0x0000000008004606                USBD_CDC_ReceivePacket
 *fill*         0x000000000800463e        0x2 
 .text.Reset_Handler
                0x0000000008004640       0x50 build/startup_stm32f407xx.o
                0x0000000008004640                Reset_Handler
 .text.Default_Handler
                0x0000000008004690        0x2 build/startup_stm32f407xx.o
                0x0000000008004690                RTC_Alarm_IRQHandler
                0x0000000008004690                HASH_RNG_IRQHandler
                0x0000000008004690                EXTI2_IRQHandler
                0x0000000008004690                TIM8_CC_IRQHandler
                0x0000000008004690                TIM1_CC_IRQHandler
                0x0000000008004690                DMA2_Stream5_IRQHandler
                0x0000000008004690                DMA1_Stream5_IRQHandler
                0x0000000008004690                PVD_IRQHandler
                0x0000000008004690                SDIO_IRQHandler
                0x0000000008004690                TAMP_STAMP_IRQHandler
                0x0000000008004690                CAN2_RX1_IRQHandler
                0x0000000008004690                EXTI3_IRQHandler
                0x0000000008004690                TIM8_TRG_COM_TIM14_IRQHandler
                0x0000000008004690                TIM1_UP_TIM10_IRQHandler
                0x0000000008004690                TIM8_UP_TIM13_IRQHandler
                0x0000000008004690                I2C3_ER_IRQHandler
                0x0000000008004690                EXTI0_IRQHandler
                0x0000000008004690                I2C2_EV_IRQHandler
                0x0000000008004690                DMA1_Stream2_IRQHandler
                0x0000000008004690                CAN1_RX0_IRQHandler
                0x0000000008004690                FPU_IRQHandler
                0x0000000008004690                OTG_HS_WKUP_IRQHandler
                0x0000000008004690                CAN2_SCE_IRQHandler
                0x0000000008004690                DMA2_Stream2_IRQHandler
                0x0000000008004690                SPI1_IRQHandler
                0x0000000008004690                TIM6_DAC_IRQHandler
                0x0000000008004690                TIM1_BRK_TIM9_IRQHandler
                0x0000000008004690                DCMI_IRQHandler
                0x0000000008004690                CAN2_RX0_IRQHandler
                0x0000000008004690                DMA2_Stream3_IRQHandler
                0x0000000008004690                USART6_IRQHandler
                0x0000000008004690                USART3_IRQHandler
                0x0000000008004690                CAN1_RX1_IRQHandler
                0x0000000008004690                UART5_IRQHandler
                0x0000000008004690                DMA2_Stream0_IRQHandler
                0x0000000008004690                TIM4_IRQHandler
                0x0000000008004690                I2C1_EV_IRQHandler
                0x0000000008004690                DMA1_Stream6_IRQHandler
                0x0000000008004690                DMA1_Stream1_IRQHandler
                0x0000000008004690                UART4_IRQHandler
                0x0000000008004690                TIM3_IRQHandler
                0x0000000008004690                RCC_IRQHandler
                0x0000000008004690                TIM8_BRK_TIM12_IRQHandler
                0x0000000008004690                Default_Handler
                0x0000000008004690                EXTI15_10_IRQHandler
                0x0000000008004690                ADC_IRQHandler
                0x0000000008004690                DMA1_Stream7_IRQHandler
                0x0000000008004690                TIM7_IRQHandler
                0x0000000008004690                CAN2_TX_IRQHandler
                0x0000000008004690                TIM5_IRQHandler
                0x0000000008004690                DMA2_Stream7_IRQHandler
                0x0000000008004690                I2C3_EV_IRQHandler
                0x0000000008004690                EXTI9_5_IRQHandler
                0x0000000008004690                RTC_WKUP_IRQHandler
                0x0000000008004690                ETH_WKUP_IRQHandler
                0x0000000008004690                SPI2_IRQHandler
                0x0000000008004690                OTG_HS_EP1_IN_IRQHandler
                0x0000000008004690                DMA1_Stream0_IRQHandler
                0x0000000008004690                CAN1_TX_IRQHandler
                0x0000000008004690                EXTI4_IRQHandler
                0x0000000008004690                FSMC_IRQHandler
                0x0000000008004690                ETH_IRQHandler
                0x0000000008004690                OTG_HS_EP1_OUT_IRQHandler
                0x0000000008004690                WWDG_IRQHandler
                0x0000000008004690                TIM2_IRQHandler
                0x0000000008004690                OTG_FS_WKUP_IRQHandler
                0x0000000008004690                TIM1_TRG_COM_TIM11_IRQHandler
                0x0000000008004690                OTG_HS_IRQHandler
                0x0000000008004690                EXTI1_IRQHandler
                0x0000000008004690                USART2_IRQHandler
                0x0000000008004690                I2C2_ER_IRQHandler
                0x0000000008004690                DMA2_Stream1_IRQHandler
                0x0000000008004690                CAN1_SCE_IRQHandler
                0x0000000008004690                FLASH_IRQHandler
                0x0000000008004690                DMA2_Stream4_IRQHandler
                0x0000000008004690                USART1_IRQHandler
                0x0000000008004690                SPI3_IRQHandler
                0x0000000008004690                DMA1_Stream4_IRQHandler
                0x0000000008004690                I2C1_ER_IRQHandler
                0x0000000008004690                DMA2_Stream6_IRQHandler
                0x0000000008004690                DMA1_Stream3_IRQHandler
 *(.glue_7)
 .glue_7        0x0000000008004692        0x0 linker stubs
 *(.glue_7t)
 .glue_7t       0x0000000008004692        0x0 linker stubs
 *(.eh_frame)
 *fill*         0x0000000008004692        0x2 
 .eh_frame      0x0000000008004694        0x0 /usr/lib/gcc/arm-none-eabi/8.3.1/thumb/v7e-m+fp/hard/crtbegin.o
 *(.init)
 .init          0x0000000008004694        0x4 /usr/lib/gcc/arm-none-eabi/8.3.1/thumb/v7e-m+fp/hard/crti.o
                0x0000000008004694                _init
 .init          0x0000000008004698        0x8 /usr/lib/gcc/arm-none-eabi/8.3.1/thumb/v7e-m+fp/hard/crtn.o
 *(.fini)
 .fini          0x00000000080046a0        0x4 /usr/lib/gcc/arm-none-eabi/8.3.1/thumb/v7e-m+fp/hard/crti.o
                0x00000000080046a0                _fini
 .fini          0x00000000080046a4        0x8 /usr/lib/gcc/arm-none-eabi/8.3.1/thumb/v7e-m+fp/hard/crtn.o
                0x00000000080046ac                . = ALIGN (0x4)
                0x00000000080046ac                _etext = .

.vfp11_veneer   0x00000000080046ac        0x0
 .vfp11_veneer  0x00000000080046ac        0x0 linker stubs

.v4_bx          0x00000000080046ac        0x0
 .v4_bx         0x00000000080046ac        0x0 linker stubs

.iplt           0x00000000080046ac        0x0
 .iplt          0x00000000080046ac        0x0 /usr/lib/gcc/arm-none-eabi/8.3.1/thumb/v7e-m+fp/hard/crtbegin.o

.rodata         0x00000000080046ac       0xa0
                0x00000000080046ac                . = ALIGN (0x4)
 *(.rodata)
 *(.rodata*)
 .rodata.main.str1.4
                0x00000000080046ac       0x31 build/main.o
 *fill*         0x00000000080046dd        0x3 
 .rodata.USBD_FS_ConfigStrDescriptor.str1.4
                0x00000000080046e0        0xb build/usbd_desc.o
 *fill*         0x00000000080046eb        0x1 
 .rodata.USBD_FS_InterfaceStrDescriptor.str1.4
                0x00000000080046ec        0xe build/usbd_desc.o
 *fill*         0x00000000080046fa        0x2 
 .rodata.USBD_FS_ManufacturerStrDescriptor.str1.4
                0x00000000080046fc        0xa build/usbd_desc.o
 *fill*         0x0000000008004706        0x2 
 .rodata.USBD_FS_ProductStrDescriptor.str1.4
                0x0000000008004708        0x8 build/usbd_desc.o
 .rodata.str1.4
                0x0000000008004710       0x13 /usr/lib/gcc/arm-none-eabi/8.3.1/../../../arm-none-eabi/lib/thumb/v7e-m+fp/hard/libc_nano.a(lib_a-nano-svfprintf.o)
 *fill*         0x0000000008004723        0x1 
 .rodata.str1.4
                0x0000000008004724       0x25 /usr/lib/gcc/arm-none-eabi/8.3.1/../../../arm-none-eabi/lib/thumb/v7e-m+fp/hard/libc_nano.a(lib_a-nano-vfprintf_i.o)
                0x000000000800474c                . = ALIGN (0x4)
 *fill*         0x0000000008004749        0x3 

.rel.dyn        0x000000000800474c        0x0
 .rel.iplt      0x000000000800474c        0x0 /usr/lib/gcc/arm-none-eabi/8.3.1/thumb/v7e-m+fp/hard/crtbegin.o

.ARM.extab
 *(.ARM.extab* .gnu.linkonce.armextab.*)

.ARM            0x000000000800474c        0x0
                0x000000000800474c                __exidx_start = .
 *(.ARM.exidx*)
                0x000000000800474c                __exidx_end = .

.preinit_array  0x000000000800474c        0x0
                0x000000000800474c                PROVIDE (__preinit_array_start = .)
 *(.preinit_array*)
                0x000000000800474c                PROVIDE (__preinit_array_end = .)

.init_array     0x000000000800474c        0x4
                0x000000000800474c                PROVIDE (__init_array_start = .)
 *(SORT_BY_NAME(.init_array.*))
 *(.init_array*)
 .init_array    0x000000000800474c        0x4 /usr/lib/gcc/arm-none-eabi/8.3.1/thumb/v7e-m+fp/hard/crtbegin.o
                0x0000000008004750                PROVIDE (__init_array_end = .)

.fini_array     0x0000000008004750        0x4
                0x0000000008004750                PROVIDE (__fini_array_start = .)
 *(SORT_BY_NAME(.fini_array.*))
 *(.fini_array*)
 .fini_array    0x0000000008004750        0x4 /usr/lib/gcc/arm-none-eabi/8.3.1/thumb/v7e-m+fp/hard/crtbegin.o
                0x0000000008004754                PROVIDE (__fini_array_end = .)
                0x0000000008004754                _sidata = LOADADDR (.data)

.data           0x0000000020000000      0x158 load address 0x0000000008004754
                0x0000000020000000                . = ALIGN (0x4)
                0x0000000020000000                _sdata = .
 *(.data)
 .data          0x0000000020000000       0x64 /usr/lib/gcc/arm-none-eabi/8.3.1/../../../arm-none-eabi/lib/thumb/v7e-m+fp/hard/libc_nano.a(lib_a-impure.o)
                0x0000000020000000                _impure_ptr
 *(.data*)
 .data.uwTickFreq
                0x0000000020000064        0x1 build/stm32f4xx_hal.o
                0x0000000020000064                uwTickFreq
 *fill*         0x0000000020000065        0x3 
 .data.SystemCoreClock
                0x0000000020000068        0x4 build/system_stm32f4xx.o
                0x0000000020000068                SystemCoreClock
 .data.FS_Desc  0x000000002000006c       0x1c build/usbd_desc.o
                0x000000002000006c                FS_Desc
 .data.USBD_FS_DeviceDesc
                0x0000000020000088       0x12 build/usbd_desc.o
                0x0000000020000088                USBD_FS_DeviceDesc
 *fill*         0x000000002000009a        0x2 
 .data.USBD_LangIDDesc
                0x000000002000009c        0x4 build/usbd_desc.o
                0x000000002000009c                USBD_LangIDDesc
 .data.USBD_StringSerial
                0x00000000200000a0       0x1a build/usbd_desc.o
                0x00000000200000a0                USBD_StringSerial
 *fill*         0x00000000200000ba        0x2 
 .data.USBD_Interface_fops_FS
                0x00000000200000bc       0x14 build/usbd_cdc_if.o
                0x00000000200000bc                USBD_Interface_fops_FS
 .data.USBD_CDC
                0x00000000200000d0       0x38 build/usbd_cdc.o
                0x00000000200000d0                USBD_CDC
 .data.USBD_CDC_CfgDesc
                0x0000000020000108       0x43 build/usbd_cdc.o
 *fill*         0x000000002000014b        0x1 
 .data.USBD_CDC_DeviceQualifierDesc
                0x000000002000014c        0xa build/usbd_cdc.o
                0x0000000020000158                . = ALIGN (0x4)
 *fill*         0x0000000020000156        0x2 
                0x0000000020000158                _edata = .
                0x00000000080048ac                _siccmram = LOADADDR (.ccmram)

.tm_clone_table
                0x0000000020000158        0x0 load address 0x00000000080048ac
 .tm_clone_table
                0x0000000020000158        0x0 /usr/lib/gcc/arm-none-eabi/8.3.1/thumb/v7e-m+fp/hard/crtbegin.o
 .tm_clone_table
                0x0000000020000158        0x0 /usr/lib/gcc/arm-none-eabi/8.3.1/thumb/v7e-m+fp/hard/crtend.o

.igot.plt       0x0000000020000158        0x0 load address 0x00000000080048ac
 .igot.plt      0x0000000020000158        0x0 /usr/lib/gcc/arm-none-eabi/8.3.1/thumb/v7e-m+fp/hard/crtbegin.o

.ccmram         0x0000000010000000        0x0 load address 0x00000000080048ac
                0x0000000010000000                . = ALIGN (0x4)
                0x0000000010000000                _sccmram = .
 *(.ccmram)
 *(.ccmram*)
                0x0000000010000000                . = ALIGN (0x4)
                0x0000000010000000                _eccmram = .
                0x0000000010000000                . = ALIGN (0x4)

.bss            0x0000000020000158     0x1cac
                0x0000000020000158                _sbss = .
                0x0000000020000158                __bss_start__ = _sbss
 *(.bss)
 .bss           0x0000000020000158       0x1c /usr/lib/gcc/arm-none-eabi/8.3.1/thumb/v7e-m+fp/hard/crtbegin.o
 .bss           0x0000000020000174        0x8 /usr/lib/gcc/arm-none-eabi/8.3.1/../../../arm-none-eabi/lib/thumb/v7e-m+fp/hard/libc_nano.a(lib_a-nano-mallocr.o)
                0x0000000020000174                __malloc_free_list
                0x0000000020000178                __malloc_sbrk_start
 .bss           0x000000002000017c        0x4 /usr/lib/gcc/arm-none-eabi/8.3.1/../../../arm-none-eabi/lib/thumb/v7e-m+fp/hard/libnosys.a(sbrk.o)
 *(.bss*)
 .bss.mem.10873
                0x0000000020000180      0x220 build/usbd_conf.o
 .bss.cfgidx.10806
                0x00000000200003a0        0x1 build/usbd_ctlreq.o
 *(COMMON)
 *fill*         0x00000000200003a1        0x3 
 COMMON         0x00000000200003a4       0x70 build/main.o
                0x00000000200003a4                hadc1
                0x00000000200003ec                hcan1
 COMMON         0x0000000020000414        0x4 build/stm32f4xx_hal.o
                0x0000000020000414                uwTick
 COMMON         0x0000000020000418      0x2dc build/usb_device.o
                0x0000000020000418                hUsbDeviceFS
 COMMON         0x00000000200006f4      0x200 build/usbd_desc.o
                0x00000000200006f4                USBD_StrDesc
 COMMON         0x00000000200008f4     0x1000 build/usbd_cdc_if.o
                0x00000000200008f4                UserRxBufferFS
                0x00000000200010f4                UserTxBufferFS
 COMMON         0x00000000200018f4      0x50c build/usbd_conf.o
                0x00000000200018f4                hpcd_USB_OTG_FS
 COMMON         0x0000000020001e00        0x4 /usr/lib/gcc/arm-none-eabi/8.3.1/../../../arm-none-eabi/lib/thumb/v7e-m+fp/hard/libc_nano.a(lib_a-reent.o)
                0x0000000020001e00                errno
                0x0000000020001e04                . = ALIGN (0x4)
                0x0000000020001e04                _ebss = .
                0x0000000020001e04                __bss_end__ = _ebss

._user_heap_stack
                0x0000000020001e04      0x604
                0x0000000020001e08                . = ALIGN (0x8)
 *fill*         0x0000000020001e04        0x4 
                0x0000000020001e08                PROVIDE (end = .)
                [!provide]                        PROVIDE (_end = .)
                0x0000000020002008                . = (. + _Min_Heap_Size)
 *fill*         0x0000000020001e08      0x200 
                0x0000000020002408                . = (. + _Min_Stack_Size)
 *fill*         0x0000000020002008      0x400 
                0x0000000020002408                . = ALIGN (0x8)

/DISCARD/
 libc.a(*)
 libm.a(*)
 libgcc.a(*)

.ARM.attributes
                0x0000000000000000       0x30
 *(.ARM.attributes)
 .ARM.attributes
                0x0000000000000000       0x1e /usr/lib/gcc/arm-none-eabi/8.3.1/thumb/v7e-m+fp/hard/crti.o
 .ARM.attributes
                0x000000000000001e       0x34 /usr/lib/gcc/arm-none-eabi/8.3.1/thumb/v7e-m+fp/hard/crtbegin.o
 .ARM.attributes
                0x0000000000000052       0x34 build/main.o
 .ARM.attributes
                0x0000000000000086       0x34 build/stm32f4xx_it.o
 .ARM.attributes
                0x00000000000000ba       0x34 build/stm32f4xx_hal_rcc.o
 .ARM.attributes
                0x00000000000000ee       0x34 build/stm32f4xx_hal_gpio.o
 .ARM.attributes
                0x0000000000000122       0x34 build/stm32f4xx_hal_cortex.o
 .ARM.attributes
                0x0000000000000156       0x34 build/stm32f4xx_hal.o
 .ARM.attributes
                0x000000000000018a       0x34 build/system_stm32f4xx.o
 .ARM.attributes
                0x00000000000001be       0x34 build/stm32f4xx_hal_adc.o
 .ARM.attributes
                0x00000000000001f2       0x34 build/usb_device.o
 .ARM.attributes
                0x0000000000000226       0x34 build/usbd_desc.o
 .ARM.attributes
                0x000000000000025a       0x34 build/usbd_cdc_if.o
 .ARM.attributes
                0x000000000000028e       0x34 build/usbd_conf.o
 .ARM.attributes
                0x00000000000002c2       0x34 build/stm32f4xx_hal_pcd.o
 .ARM.attributes
                0x00000000000002f6       0x34 build/stm32f4xx_hal_pcd_ex.o
 .ARM.attributes
                0x000000000000032a       0x34 build/stm32f4xx_ll_usb.o
 .ARM.attributes
                0x000000000000035e       0x34 build/usbd_core.o
 .ARM.attributes
                0x0000000000000392       0x34 build/usbd_ctlreq.o
 .ARM.attributes
                0x00000000000003c6       0x34 build/usbd_ioreq.o
 .ARM.attributes
                0x00000000000003fa       0x34 build/usbd_cdc.o
 .ARM.attributes
                0x000000000000042e       0x21 build/startup_stm32f407xx.o
 .ARM.attributes
                0x000000000000044f       0x32 /usr/lib/gcc/arm-none-eabi/8.3.1/../../../arm-none-eabi/lib/thumb/v7e-m+fp/hard/libc_nano.a(lib_a-impure.o)
 .ARM.attributes
                0x0000000000000481       0x34 /usr/lib/gcc/arm-none-eabi/8.3.1/../../../arm-none-eabi/lib/thumb/v7e-m+fp/hard/libc_nano.a(lib_a-init.o)
 .ARM.attributes
                0x00000000000004b5       0x34 /usr/lib/gcc/arm-none-eabi/8.3.1/../../../arm-none-eabi/lib/thumb/v7e-m+fp/hard/libc_nano.a(lib_a-memset.o)
 .ARM.attributes
                0x00000000000004e9       0x34 /usr/lib/gcc/arm-none-eabi/8.3.1/../../../arm-none-eabi/lib/thumb/v7e-m+fp/hard/libc_nano.a(lib_a-snprintf.o)
 .ARM.attributes
                0x000000000000051d       0x1c /usr/lib/gcc/arm-none-eabi/8.3.1/../../../arm-none-eabi/lib/thumb/v7e-m+fp/hard/libc_nano.a(lib_a-strlen.o)
 .ARM.attributes
                0x0000000000000539       0x34 /usr/lib/gcc/arm-none-eabi/8.3.1/../../../arm-none-eabi/lib/thumb/v7e-m+fp/hard/libc_nano.a(lib_a-nano-svfprintf.o)
 .ARM.attributes
                0x000000000000056d       0x34 /usr/lib/gcc/arm-none-eabi/8.3.1/../../../arm-none-eabi/lib/thumb/v7e-m+fp/hard/libc_nano.a(lib_a-nano-vfprintf_i.o)
 .ARM.attributes
                0x00000000000005a1       0x1c /usr/lib/gcc/arm-none-eabi/8.3.1/../../../arm-none-eabi/lib/thumb/v7e-m+fp/hard/libc_nano.a(lib_a-memchr.o)
 .ARM.attributes
                0x00000000000005bd       0x1c /usr/lib/gcc/arm-none-eabi/8.3.1/../../../arm-none-eabi/lib/thumb/v7e-m+fp/hard/libc_nano.a(lib_a-memcpy.o)
 .ARM.attributes
                0x00000000000005d9       0x34 /usr/lib/gcc/arm-none-eabi/8.3.1/../../../arm-none-eabi/lib/thumb/v7e-m+fp/hard/libc_nano.a(lib_a-memmove.o)
 .ARM.attributes
                0x000000000000060d       0x34 /usr/lib/gcc/arm-none-eabi/8.3.1/../../../arm-none-eabi/lib/thumb/v7e-m+fp/hard/libc_nano.a(lib_a-nano-freer.o)
 .ARM.attributes
                0x0000000000000641       0x34 /usr/lib/gcc/arm-none-eabi/8.3.1/../../../arm-none-eabi/lib/thumb/v7e-m+fp/hard/libc_nano.a(lib_a-nano-mallocr.o)
 .ARM.attributes
                0x0000000000000675       0x34 /usr/lib/gcc/arm-none-eabi/8.3.1/../../../arm-none-eabi/lib/thumb/v7e-m+fp/hard/libc_nano.a(lib_a-nano-reallocr.o)
 .ARM.attributes
                0x00000000000006a9       0x34 /usr/lib/gcc/arm-none-eabi/8.3.1/../../../arm-none-eabi/lib/thumb/v7e-m+fp/hard/libc_nano.a(lib_a-sbrkr.o)
 .ARM.attributes
                0x00000000000006dd       0x34 /usr/lib/gcc/arm-none-eabi/8.3.1/../../../arm-none-eabi/lib/thumb/v7e-m+fp/hard/libc_nano.a(lib_a-mlock.o)
 .ARM.attributes
                0x0000000000000711       0x34 /usr/lib/gcc/arm-none-eabi/8.3.1/../../../arm-none-eabi/lib/thumb/v7e-m+fp/hard/libc_nano.a(lib_a-nano-msizer.o)
 .ARM.attributes
                0x0000000000000745       0x34 /usr/lib/gcc/arm-none-eabi/8.3.1/../../../arm-none-eabi/lib/thumb/v7e-m+fp/hard/libc_nano.a(lib_a-reent.o)
 .ARM.attributes
                0x0000000000000779       0x34 /usr/lib/gcc/arm-none-eabi/8.3.1/../../../arm-none-eabi/lib/thumb/v7e-m+fp/hard/libnosys.a(sbrk.o)
 .ARM.attributes
                0x00000000000007ad       0x32 /usr/lib/gcc/arm-none-eabi/8.3.1/thumb/v7e-m+fp/hard/crtend.o
 .ARM.attributes
                0x00000000000007df       0x1e /usr/lib/gcc/arm-none-eabi/8.3.1/thumb/v7e-m+fp/hard/crtn.o
OUTPUT(build/blinky_test.elf elf32-littlearm)
LOAD linker stubs
LOAD /usr/lib/gcc/arm-none-eabi/8.3.1/../../../arm-none-eabi/lib/thumb/v7e-m+fp/hard/libc.a
LOAD /usr/lib/gcc/arm-none-eabi/8.3.1/../../../arm-none-eabi/lib/thumb/v7e-m+fp/hard/libm.a
LOAD /usr/lib/gcc/arm-none-eabi/8.3.1/thumb/v7e-m+fp/hard/libgcc.a

.comment        0x0000000000000000       0x9f
 .comment       0x0000000000000000       0x51 /usr/lib/gcc/arm-none-eabi/8.3.1/thumb/v7e-m+fp/hard/crtbegin.o
                                         0x52 (size before relaxing)
 .comment       0x0000000000000051       0x52 build/main.o
 .comment       0x0000000000000051       0x52 build/stm32f4xx_it.o
 .comment       0x0000000000000051       0x52 build/stm32f4xx_hal_rcc.o
 .comment       0x0000000000000051       0x52 build/stm32f4xx_hal_gpio.o
 .comment       0x0000000000000051       0x52 build/stm32f4xx_hal_cortex.o
 .comment       0x0000000000000051       0x52 build/stm32f4xx_hal.o
 .comment       0x0000000000000051       0x52 build/system_stm32f4xx.o
 .comment       0x0000000000000051       0x52 build/stm32f4xx_hal_adc.o
 .comment       0x0000000000000051       0x52 build/usb_device.o
 .comment       0x0000000000000051       0x52 build/usbd_desc.o
 .comment       0x0000000000000051       0x52 build/usbd_cdc_if.o
 .comment       0x0000000000000051       0x52 build/usbd_conf.o
 .comment       0x0000000000000051       0x52 build/stm32f4xx_hal_pcd.o
 .comment       0x0000000000000051       0x52 build/stm32f4xx_hal_pcd_ex.o
 .comment       0x0000000000000051       0x52 build/stm32f4xx_ll_usb.o
 .comment       0x0000000000000051       0x52 build/usbd_core.o
 .comment       0x0000000000000051       0x52 build/usbd_ctlreq.o
 .comment       0x0000000000000051       0x52 build/usbd_ioreq.o
 .comment       0x0000000000000051       0x52 build/usbd_cdc.o
 .comment       0x0000000000000051       0x4e /usr/lib/gcc/arm-none-eabi/8.3.1/../../../arm-none-eabi/lib/thumb/v7e-m+fp/hard/libc_nano.a(lib_a-impure.o)
                                         0x4f (size before relaxing)
 .comment       0x000000000000009f       0x4f /usr/lib/gcc/arm-none-eabi/8.3.1/../../../arm-none-eabi/lib/thumb/v7e-m+fp/hard/libc_nano.a(lib_a-init.o)
 .comment       0x000000000000009f       0x4f /usr/lib/gcc/arm-none-eabi/8.3.1/../../../arm-none-eabi/lib/thumb/v7e-m+fp/hard/libc_nano.a(lib_a-memset.o)
 .comment       0x000000000000009f       0x4f /usr/lib/gcc/arm-none-eabi/8.3.1/../../../arm-none-eabi/lib/thumb/v7e-m+fp/hard/libc_nano.a(lib_a-snprintf.o)
 .comment       0x000000000000009f       0x4f /usr/lib/gcc/arm-none-eabi/8.3.1/../../../arm-none-eabi/lib/thumb/v7e-m+fp/hard/libc_nano.a(lib_a-nano-svfprintf.o)
 .comment       0x000000000000009f       0x4f /usr/lib/gcc/arm-none-eabi/8.3.1/../../../arm-none-eabi/lib/thumb/v7e-m+fp/hard/libc_nano.a(lib_a-nano-vfprintf_i.o)
 .comment       0x000000000000009f       0x4f /usr/lib/gcc/arm-none-eabi/8.3.1/../../../arm-none-eabi/lib/thumb/v7e-m+fp/hard/libc_nano.a(lib_a-memmove.o)
 .comment       0x000000000000009f       0x4f /usr/lib/gcc/arm-none-eabi/8.3.1/../../../arm-none-eabi/lib/thumb/v7e-m+fp/hard/libc_nano.a(lib_a-nano-freer.o)
 .comment       0x000000000000009f       0x4f /usr/lib/gcc/arm-none-eabi/8.3.1/../../../arm-none-eabi/lib/thumb/v7e-m+fp/hard/libc_nano.a(lib_a-nano-mallocr.o)
 .comment       0x000000000000009f       0x4f /usr/lib/gcc/arm-none-eabi/8.3.1/../../../arm-none-eabi/lib/thumb/v7e-m+fp/hard/libc_nano.a(lib_a-nano-reallocr.o)
 .comment       0x000000000000009f       0x4f /usr/lib/gcc/arm-none-eabi/8.3.1/../../../arm-none-eabi/lib/thumb/v7e-m+fp/hard/libc_nano.a(lib_a-sbrkr.o)
 .comment       0x000000000000009f       0x4f /usr/lib/gcc/arm-none-eabi/8.3.1/../../../arm-none-eabi/lib/thumb/v7e-m+fp/hard/libc_nano.a(lib_a-mlock.o)
 .comment       0x000000000000009f       0x4f /usr/lib/gcc/arm-none-eabi/8.3.1/../../../arm-none-eabi/lib/thumb/v7e-m+fp/hard/libc_nano.a(lib_a-nano-msizer.o)
 .comment       0x000000000000009f       0x4f /usr/lib/gcc/arm-none-eabi/8.3.1/../../../arm-none-eabi/lib/thumb/v7e-m+fp/hard/libc_nano.a(lib_a-reent.o)
 .comment       0x000000000000009f       0x4f /usr/lib/gcc/arm-none-eabi/8.3.1/../../../arm-none-eabi/lib/thumb/v7e-m+fp/hard/libnosys.a(sbrk.o)
 .comment       0x000000000000009f       0x52 /usr/lib/gcc/arm-none-eabi/8.3.1/thumb/v7e-m+fp/hard/crtend.o

.debug_info     0x0000000000000000    0x24547
 .debug_info    0x0000000000000000     0x239e build/main.o
 .debug_info    0x000000000000239e      0x7be build/stm32f4xx_it.o
 .debug_info    0x0000000000002b5c      0xc08 build/stm32f4xx_hal_rcc.o
 .debug_info    0x0000000000003764      0x8fa build/stm32f4xx_hal_gpio.o
 .debug_info    0x000000000000405e     0x122c build/stm32f4xx_hal_cortex.o
 .debug_info    0x000000000000528a      0xb3a build/stm32f4xx_hal.o
 .debug_info    0x0000000000005dc4      0x618 build/system_stm32f4xx.o
 .debug_info    0x00000000000063dc     0x10a4 build/stm32f4xx_hal_adc.o
 .debug_info    0x0000000000007480     0x1263 build/usb_device.o
 .debug_info    0x00000000000086e3     0x10a7 build/usbd_desc.o
 .debug_info    0x000000000000978a     0x1514 build/usbd_cdc_if.o
 .debug_info    0x000000000000ac9e     0x2bd4 build/usbd_conf.o
 .debug_info    0x000000000000d872     0x1de1 build/stm32f4xx_hal_pcd.o
 .debug_info    0x000000000000f653      0x865 build/stm32f4xx_hal_pcd_ex.o
 .debug_info    0x000000000000feb8     0x221a build/stm32f4xx_ll_usb.o
 .debug_info    0x00000000000120d2     0x1daf build/usbd_core.o
 .debug_info    0x0000000000013e81     0x1f5d build/usbd_ctlreq.o
 .debug_info    0x0000000000015dde     0x13cf build/usbd_ioreq.o
 .debug_info    0x00000000000171ad     0x22b2 build/usbd_cdc.o
 .debug_info    0x000000000001945f       0x22 build/startup_stm32f407xx.o
 .debug_info    0x0000000000019481      0x92a /usr/lib/gcc/arm-none-eabi/8.3.1/../../../arm-none-eabi/lib/thumb/v7e-m+fp/hard/libc_nano.a(lib_a-impure.o)
 .debug_info    0x0000000000019dab      0x11a /usr/lib/gcc/arm-none-eabi/8.3.1/../../../arm-none-eabi/lib/thumb/v7e-m+fp/hard/libc_nano.a(lib_a-init.o)
 .debug_info    0x0000000000019ec5      0xf21 /usr/lib/gcc/arm-none-eabi/8.3.1/../../../arm-none-eabi/lib/thumb/v7e-m+fp/hard/libc_nano.a(lib_a-memset.o)
 .debug_info    0x000000000001ade6      0xd4a /usr/lib/gcc/arm-none-eabi/8.3.1/../../../arm-none-eabi/lib/thumb/v7e-m+fp/hard/libc_nano.a(lib_a-snprintf.o)
 .debug_info    0x000000000001bb30       0x26 /usr/lib/gcc/arm-none-eabi/8.3.1/../../../arm-none-eabi/lib/thumb/v7e-m+fp/hard/libc_nano.a(lib_a-strlen.o)
 .debug_info    0x000000000001bb56     0x17e4 /usr/lib/gcc/arm-none-eabi/8.3.1/../../../arm-none-eabi/lib/thumb/v7e-m+fp/hard/libc_nano.a(lib_a-nano-svfprintf.o)
 .debug_info    0x000000000001d33a     0x1592 /usr/lib/gcc/arm-none-eabi/8.3.1/../../../arm-none-eabi/lib/thumb/v7e-m+fp/hard/libc_nano.a(lib_a-nano-vfprintf_i.o)
 .debug_info    0x000000000001e8cc       0x26 /usr/lib/gcc/arm-none-eabi/8.3.1/../../../arm-none-eabi/lib/thumb/v7e-m+fp/hard/libc_nano.a(lib_a-memchr.o)
 .debug_info    0x000000000001e8f2       0x26 /usr/lib/gcc/arm-none-eabi/8.3.1/../../../arm-none-eabi/lib/thumb/v7e-m+fp/hard/libc_nano.a(lib_a-memcpy.o)
 .debug_info    0x000000000001e918      0xf2b /usr/lib/gcc/arm-none-eabi/8.3.1/../../../arm-none-eabi/lib/thumb/v7e-m+fp/hard/libc_nano.a(lib_a-memmove.o)
 .debug_info    0x000000000001f843      0xb85 /usr/lib/gcc/arm-none-eabi/8.3.1/../../../arm-none-eabi/lib/thumb/v7e-m+fp/hard/libc_nano.a(lib_a-nano-freer.o)
 .debug_info    0x00000000000203c8      0xc5a /usr/lib/gcc/arm-none-eabi/8.3.1/../../../arm-none-eabi/lib/thumb/v7e-m+fp/hard/libc_nano.a(lib_a-nano-mallocr.o)
 .debug_info    0x0000000000021022      0xb77 /usr/lib/gcc/arm-none-eabi/8.3.1/../../../arm-none-eabi/lib/thumb/v7e-m+fp/hard/libc_nano.a(lib_a-nano-reallocr.o)
 .debug_info    0x0000000000021b99      0x9fb /usr/lib/gcc/arm-none-eabi/8.3.1/../../../arm-none-eabi/lib/thumb/v7e-m+fp/hard/libc_nano.a(lib_a-sbrkr.o)
 .debug_info    0x0000000000022594      0x961 /usr/lib/gcc/arm-none-eabi/8.3.1/../../../arm-none-eabi/lib/thumb/v7e-m+fp/hard/libc_nano.a(lib_a-mlock.o)
 .debug_info    0x0000000000022ef5      0xaa6 /usr/lib/gcc/arm-none-eabi/8.3.1/../../../arm-none-eabi/lib/thumb/v7e-m+fp/hard/libc_nano.a(lib_a-nano-msizer.o)
 .debug_info    0x000000000002399b      0xb0f /usr/lib/gcc/arm-none-eabi/8.3.1/../../../arm-none-eabi/lib/thumb/v7e-m+fp/hard/libc_nano.a(lib_a-reent.o)
 .debug_info    0x00000000000244aa       0x9d /usr/lib/gcc/arm-none-eabi/8.3.1/../../../arm-none-eabi/lib/thumb/v7e-m+fp/hard/libnosys.a(sbrk.o)

.debug_abbrev   0x0000000000000000     0x558b
 .debug_abbrev  0x0000000000000000      0x3a9 build/main.o
 .debug_abbrev  0x00000000000003a9      0x196 build/stm32f4xx_it.o
 .debug_abbrev  0x000000000000053f      0x2cd build/stm32f4xx_hal_rcc.o
 .debug_abbrev  0x000000000000080c      0x258 build/stm32f4xx_hal_gpio.o
 .debug_abbrev  0x0000000000000a64      0x3b3 build/stm32f4xx_hal_cortex.o
 .debug_abbrev  0x0000000000000e17      0x21c build/stm32f4xx_hal.o
 .debug_abbrev  0x0000000000001033      0x14a build/system_stm32f4xx.o
 .debug_abbrev  0x000000000000117d      0x2cd build/stm32f4xx_hal_adc.o
 .debug_abbrev  0x000000000000144a      0x24c build/usb_device.o
 .debug_abbrev  0x0000000000001696      0x2f0 build/usbd_desc.o
 .debug_abbrev  0x0000000000001986      0x37f build/usbd_cdc_if.o
 .debug_abbrev  0x0000000000001d05      0x38b build/usbd_conf.o
 .debug_abbrev  0x0000000000002090      0x2fe build/stm32f4xx_hal_pcd.o
 .debug_abbrev  0x000000000000238e      0x1f2 build/stm32f4xx_hal_pcd_ex.o
 .debug_abbrev  0x0000000000002580      0x335 build/stm32f4xx_ll_usb.o
 .debug_abbrev  0x00000000000028b5      0x380 build/usbd_core.o
 .debug_abbrev  0x0000000000002c35      0x438 build/usbd_ctlreq.o
 .debug_abbrev  0x000000000000306d      0x24d build/usbd_ioreq.o
 .debug_abbrev  0x00000000000032ba      0x3a8 build/usbd_cdc.o
 .debug_abbrev  0x0000000000003662       0x12 build/startup_stm32f407xx.o
 .debug_abbrev  0x0000000000003674      0x17a /usr/lib/gcc/arm-none-eabi/8.3.1/../../../arm-none-eabi/lib/thumb/v7e-m+fp/hard/libc_nano.a(lib_a-impure.o)
 .debug_abbrev  0x00000000000037ee       0xcc /usr/lib/gcc/arm-none-eabi/8.3.1/../../../arm-none-eabi/lib/thumb/v7e-m+fp/hard/libc_nano.a(lib_a-init.o)
 .debug_abbrev  0x00000000000038ba      0x1d9 /usr/lib/gcc/arm-none-eabi/8.3.1/../../../arm-none-eabi/lib/thumb/v7e-m+fp/hard/libc_nano.a(lib_a-memset.o)
 .debug_abbrev  0x0000000000003a93      0x27c /usr/lib/gcc/arm-none-eabi/8.3.1/../../../arm-none-eabi/lib/thumb/v7e-m+fp/hard/libc_nano.a(lib_a-snprintf.o)
 .debug_abbrev  0x0000000000003d0f       0x14 /usr/lib/gcc/arm-none-eabi/8.3.1/../../../arm-none-eabi/lib/thumb/v7e-m+fp/hard/libc_nano.a(lib_a-strlen.o)
 .debug_abbrev  0x0000000000003d23      0x33f /usr/lib/gcc/arm-none-eabi/8.3.1/../../../arm-none-eabi/lib/thumb/v7e-m+fp/hard/libc_nano.a(lib_a-nano-svfprintf.o)
 .debug_abbrev  0x0000000000004062      0x2dc /usr/lib/gcc/arm-none-eabi/8.3.1/../../../arm-none-eabi/lib/thumb/v7e-m+fp/hard/libc_nano.a(lib_a-nano-vfprintf_i.o)
 .debug_abbrev  0x000000000000433e       0x14 /usr/lib/gcc/arm-none-eabi/8.3.1/../../../arm-none-eabi/lib/thumb/v7e-m+fp/hard/libc_nano.a(lib_a-memchr.o)
 .debug_abbrev  0x0000000000004352       0x14 /usr/lib/gcc/arm-none-eabi/8.3.1/../../../arm-none-eabi/lib/thumb/v7e-m+fp/hard/libc_nano.a(lib_a-memcpy.o)
 .debug_abbrev  0x0000000000004366      0x1de /usr/lib/gcc/arm-none-eabi/8.3.1/../../../arm-none-eabi/lib/thumb/v7e-m+fp/hard/libc_nano.a(lib_a-memmove.o)
 .debug_abbrev  0x0000000000004544      0x286 /usr/lib/gcc/arm-none-eabi/8.3.1/../../../arm-none-eabi/lib/thumb/v7e-m+fp/hard/libc_nano.a(lib_a-nano-freer.o)
 .debug_abbrev  0x00000000000047ca      0x2d1 /usr/lib/gcc/arm-none-eabi/8.3.1/../../../arm-none-eabi/lib/thumb/v7e-m+fp/hard/libc_nano.a(lib_a-nano-mallocr.o)
 .debug_abbrev  0x0000000000004a9b      0x22a /usr/lib/gcc/arm-none-eabi/8.3.1/../../../arm-none-eabi/lib/thumb/v7e-m+fp/hard/libc_nano.a(lib_a-nano-reallocr.o)
 .debug_abbrev  0x0000000000004cc5      0x212 /usr/lib/gcc/arm-none-eabi/8.3.1/../../../arm-none-eabi/lib/thumb/v7e-m+fp/hard/libc_nano.a(lib_a-sbrkr.o)
 .debug_abbrev  0x0000000000004ed7      0x1c5 /usr/lib/gcc/arm-none-eabi/8.3.1/../../../arm-none-eabi/lib/thumb/v7e-m+fp/hard/libc_nano.a(lib_a-mlock.o)
 .debug_abbrev  0x000000000000509c      0x1e5 /usr/lib/gcc/arm-none-eabi/8.3.1/../../../arm-none-eabi/lib/thumb/v7e-m+fp/hard/libc_nano.a(lib_a-nano-msizer.o)
 .debug_abbrev  0x0000000000005281      0x268 /usr/lib/gcc/arm-none-eabi/8.3.1/../../../arm-none-eabi/lib/thumb/v7e-m+fp/hard/libc_nano.a(lib_a-reent.o)
 .debug_abbrev  0x00000000000054e9       0xa2 /usr/lib/gcc/arm-none-eabi/8.3.1/../../../arm-none-eabi/lib/thumb/v7e-m+fp/hard/libnosys.a(sbrk.o)

.debug_loc      0x0000000000000000     0xdd7d
 .debug_loc     0x0000000000000000      0x150 build/main.o
 .debug_loc     0x0000000000000150       0x40 build/stm32f4xx_it.o
 .debug_loc     0x0000000000000190      0x6bc build/stm32f4xx_hal_rcc.o
 .debug_loc     0x000000000000084c      0x5eb build/stm32f4xx_hal_gpio.o
 .debug_loc     0x0000000000000e37      0x790 build/stm32f4xx_hal_cortex.o
 .debug_loc     0x00000000000015c7      0x1e1 build/stm32f4xx_hal.o
 .debug_loc     0x00000000000017a8      0x16c build/system_stm32f4xx.o
 .debug_loc     0x0000000000001914      0xe2d build/stm32f4xx_hal_adc.o
 .debug_loc     0x0000000000002741       0x20 build/usb_device.o
 .debug_loc     0x0000000000002761      0x47b build/usbd_desc.o
 .debug_loc     0x0000000000002bdc      0x1bc build/usbd_cdc_if.o
 .debug_loc     0x0000000000002d98      0xf75 build/usbd_conf.o
 .debug_loc     0x0000000000003d0d     0x17b0 build/stm32f4xx_hal_pcd.o
 .debug_loc     0x00000000000054bd      0x116 build/stm32f4xx_hal_pcd_ex.o
 .debug_loc     0x00000000000055d3     0x2b5d build/stm32f4xx_ll_usb.o
 .debug_loc     0x0000000000008130     0x1037 build/usbd_core.o
 .debug_loc     0x0000000000009167     0x19f5 build/usbd_ctlreq.o
 .debug_loc     0x000000000000ab5c      0x398 build/usbd_ioreq.o
 .debug_loc     0x000000000000aef4      0xbdc build/usbd_cdc.o
 .debug_loc     0x000000000000bad0       0xba /usr/lib/gcc/arm-none-eabi/8.3.1/../../../arm-none-eabi/lib/thumb/v7e-m+fp/hard/libc_nano.a(lib_a-init.o)
 .debug_loc     0x000000000000bb8a      0x231 /usr/lib/gcc/arm-none-eabi/8.3.1/../../../arm-none-eabi/lib/thumb/v7e-m+fp/hard/libc_nano.a(lib_a-memset.o)
 .debug_loc     0x000000000000bdbb      0x301 /usr/lib/gcc/arm-none-eabi/8.3.1/../../../arm-none-eabi/lib/thumb/v7e-m+fp/hard/libc_nano.a(lib_a-snprintf.o)
 .debug_loc     0x000000000000c0bc      0x845 /usr/lib/gcc/arm-none-eabi/8.3.1/../../../arm-none-eabi/lib/thumb/v7e-m+fp/hard/libc_nano.a(lib_a-nano-svfprintf.o)
 .debug_loc     0x000000000000c901      0x7ab /usr/lib/gcc/arm-none-eabi/8.3.1/../../../arm-none-eabi/lib/thumb/v7e-m+fp/hard/libc_nano.a(lib_a-nano-vfprintf_i.o)
 .debug_loc     0x000000000000d0ac      0x2f1 /usr/lib/gcc/arm-none-eabi/8.3.1/../../../arm-none-eabi/lib/thumb/v7e-m+fp/hard/libc_nano.a(lib_a-memmove.o)
 .debug_loc     0x000000000000d39d      0x211 /usr/lib/gcc/arm-none-eabi/8.3.1/../../../arm-none-eabi/lib/thumb/v7e-m+fp/hard/libc_nano.a(lib_a-nano-freer.o)
 .debug_loc     0x000000000000d5ae      0x437 /usr/lib/gcc/arm-none-eabi/8.3.1/../../../arm-none-eabi/lib/thumb/v7e-m+fp/hard/libc_nano.a(lib_a-nano-mallocr.o)
 .debug_loc     0x000000000000d9e5      0x133 /usr/lib/gcc/arm-none-eabi/8.3.1/../../../arm-none-eabi/lib/thumb/v7e-m+fp/hard/libc_nano.a(lib_a-nano-reallocr.o)
 .debug_loc     0x000000000000db18       0x6c /usr/lib/gcc/arm-none-eabi/8.3.1/../../../arm-none-eabi/lib/thumb/v7e-m+fp/hard/libc_nano.a(lib_a-sbrkr.o)
 .debug_loc     0x000000000000db84       0x86 /usr/lib/gcc/arm-none-eabi/8.3.1/../../../arm-none-eabi/lib/thumb/v7e-m+fp/hard/libc_nano.a(lib_a-nano-msizer.o)
 .debug_loc     0x000000000000dc0a      0x135 /usr/lib/gcc/arm-none-eabi/8.3.1/../../../arm-none-eabi/lib/thumb/v7e-m+fp/hard/libc_nano.a(lib_a-reent.o)
 .debug_loc     0x000000000000dd3f       0x3e /usr/lib/gcc/arm-none-eabi/8.3.1/../../../arm-none-eabi/lib/thumb/v7e-m+fp/hard/libnosys.a(sbrk.o)

.debug_aranges  0x0000000000000000      0xdc8
 .debug_aranges
                0x0000000000000000       0x40 build/main.o
 .debug_aranges
                0x0000000000000040       0x68 build/stm32f4xx_it.o
 .debug_aranges
                0x00000000000000a8       0x88 build/stm32f4xx_hal_rcc.o
 .debug_aranges
                0x0000000000000130       0x58 build/stm32f4xx_hal_gpio.o
 .debug_aranges
                0x0000000000000188       0xa8 build/stm32f4xx_hal_cortex.o
 .debug_aranges
                0x0000000000000230       0xf0 build/stm32f4xx_hal.o
 .debug_aranges
                0x0000000000000320       0x28 build/system_stm32f4xx.o
 .debug_aranges
                0x0000000000000348       0xe8 build/stm32f4xx_hal_adc.o
 .debug_aranges
                0x0000000000000430       0x20 build/usb_device.o
 .debug_aranges
                0x0000000000000450       0x60 build/usbd_desc.o
 .debug_aranges
                0x00000000000004b0       0x48 build/usbd_cdc_if.o
 .debug_aranges
                0x00000000000004f8      0x110 build/usbd_conf.o
 .debug_aranges
                0x0000000000000608      0x148 build/stm32f4xx_hal_pcd.o
 .debug_aranges
                0x0000000000000750       0x38 build/stm32f4xx_hal_pcd_ex.o
 .debug_aranges
                0x0000000000000788      0x1a0 build/stm32f4xx_ll_usb.o
 .debug_aranges
                0x0000000000000928       0xd8 build/usbd_core.o
 .debug_aranges
                0x0000000000000a00       0x88 build/usbd_ctlreq.o
 .debug_aranges
                0x0000000000000a88       0x50 build/usbd_ioreq.o
 .debug_aranges
                0x0000000000000ad8       0x90 build/usbd_cdc.o
 .debug_aranges
                0x0000000000000b68       0x28 build/startup_stm32f407xx.o
 .debug_aranges
                0x0000000000000b90       0x18 /usr/lib/gcc/arm-none-eabi/8.3.1/../../../arm-none-eabi/lib/thumb/v7e-m+fp/hard/libc_nano.a(lib_a-impure.o)
 .debug_aranges
                0x0000000000000ba8       0x20 /usr/lib/gcc/arm-none-eabi/8.3.1/../../../arm-none-eabi/lib/thumb/v7e-m+fp/hard/libc_nano.a(lib_a-init.o)
 .debug_aranges
                0x0000000000000bc8       0x20 /usr/lib/gcc/arm-none-eabi/8.3.1/../../../arm-none-eabi/lib/thumb/v7e-m+fp/hard/libc_nano.a(lib_a-memset.o)
 .debug_aranges
                0x0000000000000be8       0x20 /usr/lib/gcc/arm-none-eabi/8.3.1/../../../arm-none-eabi/lib/thumb/v7e-m+fp/hard/libc_nano.a(lib_a-snprintf.o)
 .debug_aranges
                0x0000000000000c08       0x20 /usr/lib/gcc/arm-none-eabi/8.3.1/../../../arm-none-eabi/lib/thumb/v7e-m+fp/hard/libc_nano.a(lib_a-strlen.o)
 .debug_aranges
                0x0000000000000c28       0x20 /usr/lib/gcc/arm-none-eabi/8.3.1/../../../arm-none-eabi/lib/thumb/v7e-m+fp/hard/libc_nano.a(lib_a-nano-svfprintf.o)
 .debug_aranges
                0x0000000000000c48       0x20 /usr/lib/gcc/arm-none-eabi/8.3.1/../../../arm-none-eabi/lib/thumb/v7e-m+fp/hard/libc_nano.a(lib_a-nano-vfprintf_i.o)
 .debug_aranges
                0x0000000000000c68       0x20 /usr/lib/gcc/arm-none-eabi/8.3.1/../../../arm-none-eabi/lib/thumb/v7e-m+fp/hard/libc_nano.a(lib_a-memchr.o)
 .debug_aranges
                0x0000000000000c88       0x20 /usr/lib/gcc/arm-none-eabi/8.3.1/../../../arm-none-eabi/lib/thumb/v7e-m+fp/hard/libc_nano.a(lib_a-memcpy.o)
 .debug_aranges
                0x0000000000000ca8       0x20 /usr/lib/gcc/arm-none-eabi/8.3.1/../../../arm-none-eabi/lib/thumb/v7e-m+fp/hard/libc_nano.a(lib_a-memmove.o)
 .debug_aranges
                0x0000000000000cc8       0x20 /usr/lib/gcc/arm-none-eabi/8.3.1/../../../arm-none-eabi/lib/thumb/v7e-m+fp/hard/libc_nano.a(lib_a-nano-freer.o)
 .debug_aranges
                0x0000000000000ce8       0x20 /usr/lib/gcc/arm-none-eabi/8.3.1/../../../arm-none-eabi/lib/thumb/v7e-m+fp/hard/libc_nano.a(lib_a-nano-mallocr.o)
 .debug_aranges
                0x0000000000000d08       0x20 /usr/lib/gcc/arm-none-eabi/8.3.1/../../../arm-none-eabi/lib/thumb/v7e-m+fp/hard/libc_nano.a(lib_a-nano-reallocr.o)
 .debug_aranges
                0x0000000000000d28       0x20 /usr/lib/gcc/arm-none-eabi/8.3.1/../../../arm-none-eabi/lib/thumb/v7e-m+fp/hard/libc_nano.a(lib_a-sbrkr.o)
 .debug_aranges
                0x0000000000000d48       0x20 /usr/lib/gcc/arm-none-eabi/8.3.1/../../../arm-none-eabi/lib/thumb/v7e-m+fp/hard/libc_nano.a(lib_a-mlock.o)
 .debug_aranges
                0x0000000000000d68       0x20 /usr/lib/gcc/arm-none-eabi/8.3.1/../../../arm-none-eabi/lib/thumb/v7e-m+fp/hard/libc_nano.a(lib_a-nano-msizer.o)
 .debug_aranges
                0x0000000000000d88       0x20 /usr/lib/gcc/arm-none-eabi/8.3.1/../../../arm-none-eabi/lib/thumb/v7e-m+fp/hard/libc_nano.a(lib_a-reent.o)
 .debug_aranges
                0x0000000000000da8       0x20 /usr/lib/gcc/arm-none-eabi/8.3.1/../../../arm-none-eabi/lib/thumb/v7e-m+fp/hard/libnosys.a(sbrk.o)

.debug_ranges   0x0000000000000000      0xbf0
 .debug_ranges  0x0000000000000000       0x48 build/main.o
 .debug_ranges  0x0000000000000048       0x58 build/stm32f4xx_it.o
 .debug_ranges  0x00000000000000a0       0x90 build/stm32f4xx_hal_rcc.o
 .debug_ranges  0x0000000000000130       0x48 build/stm32f4xx_hal_gpio.o
 .debug_ranges  0x0000000000000178       0xe0 build/stm32f4xx_hal_cortex.o
 .debug_ranges  0x0000000000000258       0xe0 build/stm32f4xx_hal.o
 .debug_ranges  0x0000000000000338       0x18 build/system_stm32f4xx.o
 .debug_ranges  0x0000000000000350       0xd8 build/stm32f4xx_hal_adc.o
 .debug_ranges  0x0000000000000428       0x10 build/usb_device.o
 .debug_ranges  0x0000000000000438       0x50 build/usbd_desc.o
 .debug_ranges  0x0000000000000488       0x38 build/usbd_cdc_if.o
 .debug_ranges  0x00000000000004c0      0x100 build/usbd_conf.o
 .debug_ranges  0x00000000000005c0      0x138 build/stm32f4xx_hal_pcd.o
 .debug_ranges  0x00000000000006f8       0x28 build/stm32f4xx_hal_pcd_ex.o
 .debug_ranges  0x0000000000000720      0x190 build/stm32f4xx_ll_usb.o
 .debug_ranges  0x00000000000008b0       0xc8 build/usbd_core.o
 .debug_ranges  0x0000000000000978       0x78 build/usbd_ctlreq.o
 .debug_ranges  0x00000000000009f0       0x40 build/usbd_ioreq.o
 .debug_ranges  0x0000000000000a30       0x80 build/usbd_cdc.o
 .debug_ranges  0x0000000000000ab0       0x20 build/startup_stm32f407xx.o
 .debug_ranges  0x0000000000000ad0       0x38 /usr/lib/gcc/arm-none-eabi/8.3.1/../../../arm-none-eabi/lib/thumb/v7e-m+fp/hard/libc_nano.a(lib_a-nano-svfprintf.o)
 .debug_ranges  0x0000000000000b08       0x98 /usr/lib/gcc/arm-none-eabi/8.3.1/../../../arm-none-eabi/lib/thumb/v7e-m+fp/hard/libc_nano.a(lib_a-nano-vfprintf_i.o)
 .debug_ranges  0x0000000000000ba0       0x18 /usr/lib/gcc/arm-none-eabi/8.3.1/../../../arm-none-eabi/lib/thumb/v7e-m+fp/hard/libc_nano.a(lib_a-nano-freer.o)
 .debug_ranges  0x0000000000000bb8       0x38 /usr/lib/gcc/arm-none-eabi/8.3.1/../../../arm-none-eabi/lib/thumb/v7e-m+fp/hard/libc_nano.a(lib_a-nano-mallocr.o)

.debug_line     0x0000000000000000     0xcd69
 .debug_line    0x0000000000000000      0x4d4 build/main.o
 .debug_line    0x00000000000004d4      0x25b build/stm32f4xx_it.o
 .debug_line    0x000000000000072f      0xa68 build/stm32f4xx_hal_rcc.o
 .debug_line    0x0000000000001197      0x67e build/stm32f4xx_hal_gpio.o
 .debug_line    0x0000000000001815      0x70d build/stm32f4xx_hal_cortex.o
 .debug_line    0x0000000000001f22      0x4d4 build/stm32f4xx_hal.o
 .debug_line    0x00000000000023f6      0x1fc build/system_stm32f4xx.o
 .debug_line    0x00000000000025f2      0xff4 build/stm32f4xx_hal_adc.o
 .debug_line    0x00000000000035e6      0x280 build/usb_device.o
 .debug_line    0x0000000000003866      0x3ec build/usbd_desc.o
 .debug_line    0x0000000000003c52      0x308 build/usbd_cdc_if.o
 .debug_line    0x0000000000003f5a      0x84c build/usbd_conf.o
 .debug_line    0x00000000000047a6     0x14a0 build/stm32f4xx_hal_pcd.o
 .debug_line    0x0000000000005c46      0x26a build/stm32f4xx_hal_pcd_ex.o
 .debug_line    0x0000000000005eb0     0x1d34 build/stm32f4xx_ll_usb.o
 .debug_line    0x0000000000007be4      0xa75 build/usbd_core.o
 .debug_line    0x0000000000008659      0xdd3 build/usbd_ctlreq.o
 .debug_line    0x000000000000942c      0x34e build/usbd_ioreq.o
 .debug_line    0x000000000000977a      0xa4e build/usbd_cdc.o
 .debug_line    0x000000000000a1c8       0x76 build/startup_stm32f407xx.o
 .debug_line    0x000000000000a23e       0xe3 /usr/lib/gcc/arm-none-eabi/8.3.1/../../../arm-none-eabi/lib/thumb/v7e-m+fp/hard/libc_nano.a(lib_a-impure.o)
 .debug_line    0x000000000000a321      0x10d /usr/lib/gcc/arm-none-eabi/8.3.1/../../../arm-none-eabi/lib/thumb/v7e-m+fp/hard/libc_nano.a(lib_a-init.o)
 .debug_line    0x000000000000a42e      0x26b /usr/lib/gcc/arm-none-eabi/8.3.1/../../../arm-none-eabi/lib/thumb/v7e-m+fp/hard/libc_nano.a(lib_a-memset.o)
 .debug_line    0x000000000000a699      0x3ab /usr/lib/gcc/arm-none-eabi/8.3.1/../../../arm-none-eabi/lib/thumb/v7e-m+fp/hard/libc_nano.a(lib_a-snprintf.o)
 .debug_line    0x000000000000aa44       0xaf /usr/lib/gcc/arm-none-eabi/8.3.1/../../../arm-none-eabi/lib/thumb/v7e-m+fp/hard/libc_nano.a(lib_a-strlen.o)
 .debug_line    0x000000000000aaf3      0x884 /usr/lib/gcc/arm-none-eabi/8.3.1/../../../arm-none-eabi/lib/thumb/v7e-m+fp/hard/libc_nano.a(lib_a-nano-svfprintf.o)
 .debug_line    0x000000000000b377      0x790 /usr/lib/gcc/arm-none-eabi/8.3.1/../../../arm-none-eabi/lib/thumb/v7e-m+fp/hard/libc_nano.a(lib_a-nano-vfprintf_i.o)
 .debug_line    0x000000000000bb07       0xa4 /usr/lib/gcc/arm-none-eabi/8.3.1/../../../arm-none-eabi/lib/thumb/v7e-m+fp/hard/libc_nano.a(lib_a-memchr.o)
 .debug_line    0x000000000000bbab       0xbe /usr/lib/gcc/arm-none-eabi/8.3.1/../../../arm-none-eabi/lib/thumb/v7e-m+fp/hard/libc_nano.a(lib_a-memcpy.o)
 .debug_line    0x000000000000bc69      0x287 /usr/lib/gcc/arm-none-eabi/8.3.1/../../../arm-none-eabi/lib/thumb/v7e-m+fp/hard/libc_nano.a(lib_a-memmove.o)
 .debug_line    0x000000000000bef0      0x2af /usr/lib/gcc/arm-none-eabi/8.3.1/../../../arm-none-eabi/lib/thumb/v7e-m+fp/hard/libc_nano.a(lib_a-nano-freer.o)
 .debug_line    0x000000000000c19f      0x2f2 /usr/lib/gcc/arm-none-eabi/8.3.1/../../../arm-none-eabi/lib/thumb/v7e-m+fp/hard/libc_nano.a(lib_a-nano-mallocr.o)
 .debug_line    0x000000000000c491      0x1c5 /usr/lib/gcc/arm-none-eabi/8.3.1/../../../arm-none-eabi/lib/thumb/v7e-m+fp/hard/libc_nano.a(lib_a-nano-reallocr.o)
 .debug_line    0x000000000000c656      0x182 /usr/lib/gcc/arm-none-eabi/8.3.1/../../../arm-none-eabi/lib/thumb/v7e-m+fp/hard/libc_nano.a(lib_a-sbrkr.o)
 .debug_line    0x000000000000c7d8      0x13d /usr/lib/gcc/arm-none-eabi/8.3.1/../../../arm-none-eabi/lib/thumb/v7e-m+fp/hard/libc_nano.a(lib_a-mlock.o)
 .debug_line    0x000000000000c915      0x166 /usr/lib/gcc/arm-none-eabi/8.3.1/../../../arm-none-eabi/lib/thumb/v7e-m+fp/hard/libc_nano.a(lib_a-nano-msizer.o)
 .debug_line    0x000000000000ca7b      0x275 /usr/lib/gcc/arm-none-eabi/8.3.1/../../../arm-none-eabi/lib/thumb/v7e-m+fp/hard/libc_nano.a(lib_a-reent.o)
 .debug_line    0x000000000000ccf0       0x79 /usr/lib/gcc/arm-none-eabi/8.3.1/../../../arm-none-eabi/lib/thumb/v7e-m+fp/hard/libnosys.a(sbrk.o)

.debug_str      0x0000000000000000     0x51e7
 .debug_str     0x0000000000000000     0x126a build/main.o
                                       0x1427 (size before relaxing)
 .debug_str     0x000000000000126a      0x41e build/stm32f4xx_it.o
                                        0x6e6 (size before relaxing)
 .debug_str     0x0000000000001688      0x229 build/stm32f4xx_hal_rcc.o
                                        0x754 (size before relaxing)
 .debug_str     0x00000000000018b1      0x150 build/stm32f4xx_hal_gpio.o
                                        0x581 (size before relaxing)
 .debug_str     0x0000000000001a01      0x9ee build/stm32f4xx_hal_cortex.o
                                        0xcc6 (size before relaxing)
 .debug_str     0x00000000000023ef      0x234 build/stm32f4xx_hal.o
                                        0xb87 (size before relaxing)
 .debug_str     0x0000000000002623       0x47 build/system_stm32f4xx.o
                                        0x3f5 (size before relaxing)
 .debug_str     0x000000000000266a      0x304 build/stm32f4xx_hal_adc.o
                                        0x9f3 (size before relaxing)
 .debug_str     0x000000000000296e       0x9a build/usb_device.o
                                        0xb33 (size before relaxing)
 .debug_str     0x0000000000002a08      0x1ab build/usbd_desc.o
                                        0x912 (size before relaxing)
 .debug_str     0x0000000000002bb3      0x141 build/usbd_cdc_if.o
                                        0xc50 (size before relaxing)
 .debug_str     0x0000000000002cf4      0x4d7 build/usbd_conf.o
                                       0x1a40 (size before relaxing)
 .debug_str     0x00000000000031cb      0x59c build/stm32f4xx_hal_pcd.o
                                        0xe63 (size before relaxing)
 .debug_str     0x0000000000003767      0x125 build/stm32f4xx_hal_pcd_ex.o
                                        0x7c7 (size before relaxing)
 .debug_str     0x000000000000388c      0x449 build/stm32f4xx_ll_usb.o
                                        0xd40 (size before relaxing)
 .debug_str     0x0000000000003cd5      0x27b build/usbd_core.o
                                        0xe8b (size before relaxing)
 .debug_str     0x0000000000003f50      0x109 build/usbd_ctlreq.o
                                        0xcb6 (size before relaxing)
 .debug_str     0x0000000000004059       0x60 build/usbd_ioreq.o
                                        0xb8b (size before relaxing)
 .debug_str     0x00000000000040b9      0x19c build/usbd_cdc.o
                                       0x1227 (size before relaxing)
 .debug_str     0x0000000000004255       0x24 build/startup_stm32f407xx.o
                                         0x4b (size before relaxing)
 .debug_str     0x0000000000004279      0x1aa /usr/lib/gcc/arm-none-eabi/8.3.1/../../../arm-none-eabi/lib/thumb/v7e-m+fp/hard/libc_nano.a(lib_a-impure.o)
                                        0x5e2 (size before relaxing)
 .debug_str     0x0000000000004423       0xf6 /usr/lib/gcc/arm-none-eabi/8.3.1/../../../arm-none-eabi/lib/thumb/v7e-m+fp/hard/libc_nano.a(lib_a-init.o)
                                        0x229 (size before relaxing)
 .debug_str     0x0000000000004519      0x315 /usr/lib/gcc/arm-none-eabi/8.3.1/../../../arm-none-eabi/lib/thumb/v7e-m+fp/hard/libc_nano.a(lib_a-memset.o)
                                        0x90f (size before relaxing)
 .debug_str     0x000000000000482e      0x1ff /usr/lib/gcc/arm-none-eabi/8.3.1/../../../arm-none-eabi/lib/thumb/v7e-m+fp/hard/libc_nano.a(lib_a-snprintf.o)
                                        0x783 (size before relaxing)
 .debug_str     0x0000000000004a2d       0xb8 /usr/lib/gcc/arm-none-eabi/8.3.1/../../../arm-none-eabi/lib/thumb/v7e-m+fp/hard/libc_nano.a(lib_a-strlen.o)
 .debug_str     0x0000000000004ae5      0x1a9 /usr/lib/gcc/arm-none-eabi/8.3.1/../../../arm-none-eabi/lib/thumb/v7e-m+fp/hard/libc_nano.a(lib_a-nano-svfprintf.o)
                                        0xc15 (size before relaxing)
 .debug_str     0x0000000000004c8e       0x8e /usr/lib/gcc/arm-none-eabi/8.3.1/../../../arm-none-eabi/lib/thumb/v7e-m+fp/hard/libc_nano.a(lib_a-nano-vfprintf_i.o)
                                        0xbac (size before relaxing)
 .debug_str     0x0000000000004d1c       0x3c /usr/lib/gcc/arm-none-eabi/8.3.1/../../../arm-none-eabi/lib/thumb/v7e-m+fp/hard/libc_nano.a(lib_a-memchr.o)
                                         0xb2 (size before relaxing)
 .debug_str     0x0000000000004d58       0x43 /usr/lib/gcc/arm-none-eabi/8.3.1/../../../arm-none-eabi/lib/thumb/v7e-m+fp/hard/libc_nano.a(lib_a-memcpy.o)
                                         0xb9 (size before relaxing)
 .debug_str     0x0000000000004d9b       0x5f /usr/lib/gcc/arm-none-eabi/8.3.1/../../../arm-none-eabi/lib/thumb/v7e-m+fp/hard/libc_nano.a(lib_a-memmove.o)
                                        0x92e (size before relaxing)
 .debug_str     0x0000000000004dfa      0x182 /usr/lib/gcc/arm-none-eabi/8.3.1/../../../arm-none-eabi/lib/thumb/v7e-m+fp/hard/libc_nano.a(lib_a-nano-freer.o)
                                        0x712 (size before relaxing)
 .debug_str     0x0000000000004f7c       0x32 /usr/lib/gcc/arm-none-eabi/8.3.1/../../../arm-none-eabi/lib/thumb/v7e-m+fp/hard/libc_nano.a(lib_a-nano-mallocr.o)
                                        0x729 (size before relaxing)
 .debug_str     0x0000000000004fae       0x23 /usr/lib/gcc/arm-none-eabi/8.3.1/../../../arm-none-eabi/lib/thumb/v7e-m+fp/hard/libc_nano.a(lib_a-nano-reallocr.o)
                                        0x70f (size before relaxing)
 .debug_str     0x0000000000004fd1       0x47 /usr/lib/gcc/arm-none-eabi/8.3.1/../../../arm-none-eabi/lib/thumb/v7e-m+fp/hard/libc_nano.a(lib_a-sbrkr.o)
                                        0x625 (size before relaxing)
 .debug_str     0x0000000000005018       0x4c /usr/lib/gcc/arm-none-eabi/8.3.1/../../../arm-none-eabi/lib/thumb/v7e-m+fp/hard/libc_nano.a(lib_a-mlock.o)
                                        0x60e (size before relaxing)
 .debug_str     0x0000000000005064        0xf /usr/lib/gcc/arm-none-eabi/8.3.1/../../../arm-none-eabi/lib/thumb/v7e-m+fp/hard/libc_nano.a(lib_a-nano-msizer.o)
                                        0x6ed (size before relaxing)
 .debug_str     0x0000000000005073       0x5e /usr/lib/gcc/arm-none-eabi/8.3.1/../../../arm-none-eabi/lib/thumb/v7e-m+fp/hard/libc_nano.a(lib_a-reent.o)
                                        0x61e (size before relaxing)
 .debug_str     0x00000000000050d1      0x116 /usr/lib/gcc/arm-none-eabi/8.3.1/../../../arm-none-eabi/lib/thumb/v7e-m+fp/hard/libnosys.a(sbrk.o)
                                        0x12f (size before relaxing)

.debug_frame    0x0000000000000000     0x2100
 .debug_frame   0x0000000000000000       0x88 build/main.o
 .debug_frame   0x0000000000000088       0xc0 build/stm32f4xx_it.o
 .debug_frame   0x0000000000000148      0x178 build/stm32f4xx_hal_rcc.o
 .debug_frame   0x00000000000002c0       0xd8 build/stm32f4xx_hal_gpio.o
 .debug_frame   0x0000000000000398      0x15c build/stm32f4xx_hal_cortex.o
 .debug_frame   0x00000000000004f4      0x1ec build/stm32f4xx_hal.o
 .debug_frame   0x00000000000006e0       0x30 build/system_stm32f4xx.o
 .debug_frame   0x0000000000000710      0x27c build/stm32f4xx_hal_adc.o
 .debug_frame   0x000000000000098c       0x28 build/usb_device.o
 .debug_frame   0x00000000000009b4       0xe0 build/usbd_desc.o
 .debug_frame   0x0000000000000a94       0x88 build/usbd_cdc_if.o
 .debug_frame   0x0000000000000b1c      0x2e4 build/usbd_conf.o
 .debug_frame   0x0000000000000e00      0x394 build/stm32f4xx_hal_pcd.o
 .debug_frame   0x0000000000001194       0x60 build/stm32f4xx_hal_pcd_ex.o
 .debug_frame   0x00000000000011f4      0x4f8 build/stm32f4xx_ll_usb.o
 .debug_frame   0x00000000000016ec      0x240 build/usbd_core.o
 .debug_frame   0x000000000000192c      0x180 build/usbd_ctlreq.o
 .debug_frame   0x0000000000001aac       0xb8 build/usbd_ioreq.o
 .debug_frame   0x0000000000001b64      0x194 build/usbd_cdc.o
 .debug_frame   0x0000000000001cf8       0x2c /usr/lib/gcc/arm-none-eabi/8.3.1/../../../arm-none-eabi/lib/thumb/v7e-m+fp/hard/libc_nano.a(lib_a-init.o)
 .debug_frame   0x0000000000001d24       0x38 /usr/lib/gcc/arm-none-eabi/8.3.1/../../../arm-none-eabi/lib/thumb/v7e-m+fp/hard/libc_nano.a(lib_a-memset.o)
 .debug_frame   0x0000000000001d5c       0x9c /usr/lib/gcc/arm-none-eabi/8.3.1/../../../arm-none-eabi/lib/thumb/v7e-m+fp/hard/libc_nano.a(lib_a-snprintf.o)
 .debug_frame   0x0000000000001df8       0x98 /usr/lib/gcc/arm-none-eabi/8.3.1/../../../arm-none-eabi/lib/thumb/v7e-m+fp/hard/libc_nano.a(lib_a-nano-svfprintf.o)
 .debug_frame   0x0000000000001e90       0x68 /usr/lib/gcc/arm-none-eabi/8.3.1/../../../arm-none-eabi/lib/thumb/v7e-m+fp/hard/libc_nano.a(lib_a-nano-vfprintf_i.o)
 .debug_frame   0x0000000000001ef8       0x40 /usr/lib/gcc/arm-none-eabi/8.3.1/../../../arm-none-eabi/lib/thumb/v7e-m+fp/hard/libc_nano.a(lib_a-memmove.o)
 .debug_frame   0x0000000000001f38       0x58 /usr/lib/gcc/arm-none-eabi/8.3.1/../../../arm-none-eabi/lib/thumb/v7e-m+fp/hard/libc_nano.a(lib_a-nano-freer.o)
 .debug_frame   0x0000000000001f90       0x30 /usr/lib/gcc/arm-none-eabi/8.3.1/../../../arm-none-eabi/lib/thumb/v7e-m+fp/hard/libc_nano.a(lib_a-nano-mallocr.o)
 .debug_frame   0x0000000000001fc0       0x38 /usr/lib/gcc/arm-none-eabi/8.3.1/../../../arm-none-eabi/lib/thumb/v7e-m+fp/hard/libc_nano.a(lib_a-nano-reallocr.o)
 .debug_frame   0x0000000000001ff8       0x2c /usr/lib/gcc/arm-none-eabi/8.3.1/../../../arm-none-eabi/lib/thumb/v7e-m+fp/hard/libc_nano.a(lib_a-sbrkr.o)
 .debug_frame   0x0000000000002024       0x30 /usr/lib/gcc/arm-none-eabi/8.3.1/../../../arm-none-eabi/lib/thumb/v7e-m+fp/hard/libc_nano.a(lib_a-mlock.o)
 .debug_frame   0x0000000000002054       0x20 /usr/lib/gcc/arm-none-eabi/8.3.1/../../../arm-none-eabi/lib/thumb/v7e-m+fp/hard/libc_nano.a(lib_a-nano-msizer.o)
 .debug_frame   0x0000000000002074       0x6c /usr/lib/gcc/arm-none-eabi/8.3.1/../../../arm-none-eabi/lib/thumb/v7e-m+fp/hard/libc_nano.a(lib_a-reent.o)
 .debug_frame   0x00000000000020e0       0x20 /usr/lib/gcc/arm-none-eabi/8.3.1/../../../arm-none-eabi/lib/thumb/v7e-m+fp/hard/libnosys.a(sbrk.o)

Cross Reference Table

Symbol                                            File
ADC_IRQHandler                                    build/startup_stm32f407xx.o
AHBPrescTable                                     build/system_stm32f4xx.o
                                                  build/stm32f4xx_hal_rcc.o
APBPrescTable                                     build/system_stm32f4xx.o
                                                  build/stm32f4xx_hal_rcc.o
BusFault_Handler                                  build/stm32f4xx_it.o
CAN1_RX0_IRQHandler                               build/startup_stm32f407xx.o
CAN1_RX1_IRQHandler                               build/startup_stm32f407xx.o
CAN1_Rx                                           build/main.o
CAN1_SCE_IRQHandler                               build/startup_stm32f407xx.o
CAN1_TX_IRQHandler                                build/startup_stm32f407xx.o
CAN1_Tx                                           build/main.o
CAN2_RX0_IRQHandler                               build/startup_stm32f407xx.o
CAN2_RX1_IRQHandler                               build/startup_stm32f407xx.o
CAN2_SCE_IRQHandler                               build/startup_stm32f407xx.o
CAN2_TX_IRQHandler                                build/startup_stm32f407xx.o
CDC_Transmit_FS                                   build/usbd_cdc_if.o
                                                  build/main.o
DCMI_IRQHandler                                   build/startup_stm32f407xx.o
DMA1_Stream0_IRQHandler                           build/startup_stm32f407xx.o
DMA1_Stream1_IRQHandler                           build/startup_stm32f407xx.o
DMA1_Stream2_IRQHandler                           build/startup_stm32f407xx.o
DMA1_Stream3_IRQHandler                           build/startup_stm32f407xx.o
DMA1_Stream4_IRQHandler                           build/startup_stm32f407xx.o
DMA1_Stream5_IRQHandler                           build/startup_stm32f407xx.o
DMA1_Stream6_IRQHandler                           build/startup_stm32f407xx.o
DMA1_Stream7_IRQHandler                           build/startup_stm32f407xx.o
DMA2_Stream0_IRQHandler                           build/startup_stm32f407xx.o